../Core/Src/main.c:262:6:gyroIntegrate	24	static
../Core/Src/main.c:285:6:getAngleXYZ	16	static
../Core/Src/main.c:296:6:updateMap	64	static
../Core/Src/main.c:336:6:updateSatellite	24	static
../Core/Src/main.c:360:6:generateObstacle	24	static
../Core/Src/main.c:375:6:printMessage	16	static
../Core/Src/main.c:391:6:printEndingMessage	8	static
../Core/Src/main.c:415:6:createTones	272	static
../Core/Src/main.c:767:6:writePause	16	static
../Core/Src/main.c:776:6:writeMegalovaniaQuick	96	static
../Core/Src/main.c:960:6:writePauseSlow	16	static
../Core/Src/main.c:969:6:writeMegalovaniaSlow	96	static
../Core/Src/main.c:1153:6:writeStartMenuMusic	64	static
../Core/Src/main.c:1278:6:gameReset	16	static
../Core/Src/main.c:1305:5:main	277248	static
../Core/Src/main.c:1532:6:SystemClock_Config	96	static
../Core/Src/main.c:1583:13:MX_DAC1_Init	48	static
../Core/Src/main.c:1627:13:MX_I2C2_Init	8	static
../Core/Src/main.c:1675:13:MX_OCTOSPI1_Init	32	static
../Core/Src/main.c:1723:13:MX_TIM2_Init	40	static
../Core/Src/main.c:1768:13:MX_USART1_UART_Init	8	static
../Core/Src/main.c:1814:13:MX_DMA_Init	16	static
../Core/Src/main.c:1833:13:MX_GPIO_Init	48	static
../Core/Src/main.c:1867:6:HAL_GPIO_EXTI_Callback	16	static
../Core/Src/main.c:1883:6:HAL_TIM_PeriodElapsedCallback	16	static
../Core/Src/main.c:1900:6:Error_Handler	4	static,ignoring_inline_asm
