Archive member included to satisfy reference by file (symbol)

D:\McGill\STM Projects\ECSE 444 Group 1 Final Project\Core\Lib\libarm_cortexM4lf_math.a(arm_sin_f32.o)
                              ./Core/Src/main.o (arm_sin_f32)
D:\McGill\STM Projects\ECSE 444 Group 1 Final Project\Core\Lib\libarm_cortexM4lf_math.a(arm_common_tables.o)
                              D:\McGill\STM Projects\ECSE 444 Group 1 Final Project\Core\Lib\libarm_cortexM4lf_math.a(arm_sin_f32.o) (sinTable_f32)
d:/mcgill/stm32/stm32cubeide/stm32cubeide_1.8.0/stm32cubeide/plugins/com.st.stm32cube.ide.mcu.externaltools.gnu-tools-for-stm32.10.3-2021.10.win32_1.0.0.202111181127/tools/bin/../lib/gcc/arm-none-eabi/10.3.1/../../../../arm-none-eabi/lib/thumb/v7e-m+fp/hard\libc_nano.a(lib_a-errno.o)
                              ./Core/Src/syscalls.o (__errno)
d:/mcgill/stm32/stm32cubeide/stm32cubeide_1.8.0/stm32cubeide/plugins/com.st.stm32cube.ide.mcu.externaltools.gnu-tools-for-stm32.10.3-2021.10.win32_1.0.0.202111181127/tools/bin/../lib/gcc/arm-none-eabi/10.3.1/../../../../arm-none-eabi/lib/thumb/v7e-m+fp/hard\libc_nano.a(lib_a-exit.o)
                              d:/mcgill/stm32/stm32cubeide/stm32cubeide_1.8.0/stm32cubeide/plugins/com.st.stm32cube.ide.mcu.externaltools.gnu-tools-for-stm32.10.3-2021.10.win32_1.0.0.202111181127/tools/bin/../lib/gcc/arm-none-eabi/10.3.1/../../../../arm-none-eabi/lib/thumb/v7e-m+fp/hard/crt0.o (exit)
d:/mcgill/stm32/stm32cubeide/stm32cubeide_1.8.0/stm32cubeide/plugins/com.st.stm32cube.ide.mcu.externaltools.gnu-tools-for-stm32.10.3-2021.10.win32_1.0.0.202111181127/tools/bin/../lib/gcc/arm-none-eabi/10.3.1/../../../../arm-none-eabi/lib/thumb/v7e-m+fp/hard\libc_nano.a(lib_a-impure.o)
                              d:/mcgill/stm32/stm32cubeide/stm32cubeide_1.8.0/stm32cubeide/plugins/com.st.stm32cube.ide.mcu.externaltools.gnu-tools-for-stm32.10.3-2021.10.win32_1.0.0.202111181127/tools/bin/../lib/gcc/arm-none-eabi/10.3.1/../../../../arm-none-eabi/lib/thumb/v7e-m+fp/hard\libc_nano.a(lib_a-exit.o) (_global_impure_ptr)
d:/mcgill/stm32/stm32cubeide/stm32cubeide_1.8.0/stm32cubeide/plugins/com.st.stm32cube.ide.mcu.externaltools.gnu-tools-for-stm32.10.3-2021.10.win32_1.0.0.202111181127/tools/bin/../lib/gcc/arm-none-eabi/10.3.1/../../../../arm-none-eabi/lib/thumb/v7e-m+fp/hard\libc_nano.a(lib_a-init.o)
                              d:/mcgill/stm32/stm32cubeide/stm32cubeide_1.8.0/stm32cubeide/plugins/com.st.stm32cube.ide.mcu.externaltools.gnu-tools-for-stm32.10.3-2021.10.win32_1.0.0.202111181127/tools/bin/../lib/gcc/arm-none-eabi/10.3.1/../../../../arm-none-eabi/lib/thumb/v7e-m+fp/hard/crt0.o (__libc_init_array)
d:/mcgill/stm32/stm32cubeide/stm32cubeide_1.8.0/stm32cubeide/plugins/com.st.stm32cube.ide.mcu.externaltools.gnu-tools-for-stm32.10.3-2021.10.win32_1.0.0.202111181127/tools/bin/../lib/gcc/arm-none-eabi/10.3.1/../../../../arm-none-eabi/lib/thumb/v7e-m+fp/hard\libc_nano.a(lib_a-memcpy-stub.o)
                              ./Drivers/Components/m24sr/m24sr.o (memcpy)
d:/mcgill/stm32/stm32cubeide/stm32cubeide_1.8.0/stm32cubeide/plugins/com.st.stm32cube.ide.mcu.externaltools.gnu-tools-for-stm32.10.3-2021.10.win32_1.0.0.202111181127/tools/bin/../lib/gcc/arm-none-eabi/10.3.1/../../../../arm-none-eabi/lib/thumb/v7e-m+fp/hard\libc_nano.a(lib_a-memset.o)
                              d:/mcgill/stm32/stm32cubeide/stm32cubeide_1.8.0/stm32cubeide/plugins/com.st.stm32cube.ide.mcu.externaltools.gnu-tools-for-stm32.10.3-2021.10.win32_1.0.0.202111181127/tools/bin/../lib/gcc/arm-none-eabi/10.3.1/../../../../arm-none-eabi/lib/thumb/v7e-m+fp/hard/crt0.o (memset)
d:/mcgill/stm32/stm32cubeide/stm32cubeide_1.8.0/stm32cubeide/plugins/com.st.stm32cube.ide.mcu.externaltools.gnu-tools-for-stm32.10.3-2021.10.win32_1.0.0.202111181127/tools/bin/../lib/gcc/arm-none-eabi/10.3.1/../../../../arm-none-eabi/lib/thumb/v7e-m+fp/hard\libc_nano.a(lib_a-rand.o)
                              ./Core/Src/main.o (rand)
d:/mcgill/stm32/stm32cubeide/stm32cubeide_1.8.0/stm32cubeide/plugins/com.st.stm32cube.ide.mcu.externaltools.gnu-tools-for-stm32.10.3-2021.10.win32_1.0.0.202111181127/tools/bin/../lib/gcc/arm-none-eabi/10.3.1/../../../../arm-none-eabi/lib/thumb/v7e-m+fp/hard\libc_nano.a(lib_a-sprintf.o)
                              ./Core/Src/main.o (sprintf)
d:/mcgill/stm32/stm32cubeide/stm32cubeide_1.8.0/stm32cubeide/plugins/com.st.stm32cube.ide.mcu.externaltools.gnu-tools-for-stm32.10.3-2021.10.win32_1.0.0.202111181127/tools/bin/../lib/gcc/arm-none-eabi/10.3.1/../../../../arm-none-eabi/lib/thumb/v7e-m+fp/hard\libc_nano.a(lib_a-strlen.o)
                              ./Core/Src/main.o (strlen)
d:/mcgill/stm32/stm32cubeide/stm32cubeide_1.8.0/stm32cubeide/plugins/com.st.stm32cube.ide.mcu.externaltools.gnu-tools-for-stm32.10.3-2021.10.win32_1.0.0.202111181127/tools/bin/../lib/gcc/arm-none-eabi/10.3.1/../../../../arm-none-eabi/lib/thumb/v7e-m+fp/hard\libc_nano.a(lib_a-assert.o)
[...]
Memory Configuration

Name             Origin             Length             Attributes
RAM              0x0000000020000000 0x00000000000a0000 xrw
RAM2             0x0000000010000000 0x0000000000010000 xrw
RAM3             0x0000000020040000 0x0000000000060000 xrw
FLASH            0x0000000008000000 0x0000000000200000 xr
*default*        0x0000000000000000 0xffffffffffffffff

Linker script and memory map

LOAD d:/mcgill/stm32/stm32cubeide/stm32cubeide_1.8.0/stm32cubeide/plugins/com.st.stm32cube.ide.mcu.externaltools.gnu-tools-for-stm32.10.3-2021.10.win32_1.0.0.202111181127/tools/bin/../lib/gcc/arm-none-eabi/10.3.1/thumb/v7e-m+fp/hard/crti.o
LOAD d:/mcgill/stm32/stm32cubeide/stm32cubeide_1.8.0/stm32cubeide/plugins/com.st.stm32cube.ide.mcu.externaltools.gnu-tools-for-stm32.10.3-2021.10.win32_1.0.0.202111181127/tools/bin/../lib/gcc/arm-none-eabi/10.3.1/thumb/v7e-m+fp/hard/crtbegin.o
LOAD d:/mcgill/stm32/stm32cubeide/stm32cubeide_1.8.0/stm32cubeide/plugins/com.st.stm32cube.ide.mcu.externaltools.gnu-tools-for-stm32.10.3-2021.10.win32_1.0.0.202111181127/tools/bin/../lib/gcc/arm-none-eabi/10.3.1/../../../../arm-none-eabi/lib/thumb/v7e-m+fp/hard/crt0.o
LOAD ./Core/Src/main.o
LOAD ./Core/Src/stm32l4s5i_iot01.o
LOAD ./Core/Src/stm32l4s5i_iot01_gyro.o
LOAD ./Core/Src/stm32l4s5i_iot01_qspi.o
LOAD ./Core/Src/stm32l4xx_hal_msp.o
LOAD ./Core/Src/stm32l4xx_hal_timebase_tim.o
LOAD ./Core/Src/stm32l4xx_it.o
LOAD ./Core/Src/syscalls.o
LOAD ./Core/Src/sysmem.o
LOAD ./Core/Src/system_stm32l4xx.o
LOAD ./Core/Startup/startup_stm32l4s5vitx.o
LOAD ./Drivers/Components/cs42l51/cs42l51.o
LOAD ./Drivers/Components/cs43l22/cs43l22.o
LOAD ./Drivers/Components/cy8c4014lqi/cy8c4014lqi.o
LOAD ./Drivers/Components/ft3x67/ft3x67.o
LOAD ./Drivers/Components/ft5336/ft5336.o
LOAD ./Drivers/Components/ft6x06/ft6x06.o
LOAD ./Drivers/Components/hts221/hts221.o
LOAD ./Drivers/Components/hx8347g/hx8347g.o
LOAD ./Drivers/Components/hx8347i/hx8347i.o
LOAD ./Drivers/Components/l3gd20/l3gd20.o
LOAD ./Drivers/Components/lis3mdl/lis3mdl.o
LOAD ./Drivers/Components/lps22hb/lps22hb.o
LOAD ./Drivers/Components/ls016b8uy/ls016b8uy.o
LOAD ./Drivers/Components/lsm303c/lsm303c.o
LOAD ./Drivers/Components/lsm303dlhc/lsm303dlhc.o
LOAD ./Drivers/Components/lsm6dsl/lsm6dsl.o
LOAD ./Drivers/Components/m24sr/m24sr.o
LOAD ./Drivers/Components/mfxstm32l152/mfxstm32l152.o
LOAD ./Drivers/Components/ov9655/ov9655.o
LOAD ./Drivers/Components/st25dv/st25dv.o
LOAD ./Drivers/Components/st25dv/st25dv_reg.o
LOAD ./Drivers/Components/st7735/st7735.o
LOAD ./Drivers/Components/st7789h2/st7789h2.o
LOAD ./Drivers/Components/stmpe1600/stmpe1600.o
LOAD ./Drivers/Components/stmpe811/stmpe811.o
LOAD ./Drivers/Components/wm8994/wm8994.o
LOAD ./Drivers/STM32L4xx_HAL_Driver/Src/stm32l4xx_hal.o
LOAD ./Drivers/STM32L4xx_HAL_Driver/Src/stm32l4xx_hal_cortex.o
LOAD ./Drivers/STM32L4xx_HAL_Driver/Src/stm32l4xx_hal_dac.o
LOAD ./Drivers/STM32L4xx_HAL_Driver/Src/stm32l4xx_hal_dac_ex.o
LOAD ./Drivers/STM32L4xx_HAL_Driver/Src/stm32l4xx_hal_dma.o
LOAD ./Drivers/STM32L4xx_HAL_Driver/Src/stm32l4xx_hal_dma_ex.o
LOAD ./Drivers/STM32L4xx_HAL_Driver/Src/stm32l4xx_hal_exti.o
LOAD ./Drivers/STM32L4xx_HAL_Driver/Src/stm32l4xx_hal_flash.o
LOAD ./Drivers/STM32L4xx_HAL_Driver/Src/stm32l4xx_hal_flash_ex.o
LOAD ./Drivers/STM32L4xx_HAL_Driver/Src/stm32l4xx_hal_flash_ramfunc.o
LOAD ./Drivers/STM32L4xx_HAL_Driver/Src/stm32l4xx_hal_gpio.o
LOAD ./Drivers/STM32L4xx_HAL_Driver/Src/stm32l4xx_hal_i2c.o
LOAD ./Drivers/STM32L4xx_HAL_Driver/Src/stm32l4xx_hal_i2c_ex.o
LOAD ./Drivers/STM32L4xx_HAL_Driver/Src/stm32l4xx_hal_ospi.o
LOAD ./Drivers/STM32L4xx_HAL_Driver/Src/stm32l4xx_hal_pwr.o
LOAD ./Drivers/STM32L4xx_HAL_Driver/Src/stm32l4xx_hal_pwr_ex.o
LOAD ./Drivers/STM32L4xx_HAL_Driver/Src/stm32l4xx_hal_rcc.o
LOAD ./Drivers/STM32L4xx_HAL_Driver/Src/stm32l4xx_hal_rcc_ex.o
LOAD ./Drivers/STM32L4xx_HAL_Driver/Src/stm32l4xx_hal_tim.o
LOAD ./Drivers/STM32L4xx_HAL_Driver/Src/stm32l4xx_hal_tim_ex.o
LOAD ./Drivers/STM32L4xx_HAL_Driver/Src/stm32l4xx_hal_uart.o
LOAD ./Drivers/STM32L4xx_HAL_Driver/Src/stm32l4xx_hal_uart_ex.o
LOAD D:\McGill\STM Projects\ECSE 444 Group 1 Final Project\Core\Lib\libarm_cortexM4lf_math.a
START GROUP
LOAD d:/mcgill/stm32/stm32cubeide/stm32cubeide_1.8.0/stm32cubeide/plugins/com.st.stm32cube.ide.mcu.externaltools.gnu-tools-for-stm32.10.3-2021.10.win32_1.0.0.202111181127/tools/bin/../lib/gcc/arm-none-eabi/10.3.1/../../../../arm-none-eabi/lib/thumb/v7e-m+fp/hard\libc_nano.a
LOAD d:/mcgill/stm32/stm32cubeide/stm32cubeide_1.8.0/stm32cubeide/plugins/com.st.stm32cube.ide.mcu.externaltools.gnu-tools-for-stm32.10.3-2021.10.win32_1.0.0.202111181127/tools/bin/../lib/gcc/arm-none-eabi/10.3.1/../../../../arm-none-eabi/lib/thumb/v7e-m+fp/hard\libm.a
END GROUP
START GROUP
LOAD d:/mcgill/stm32/stm32cubeide/stm32cubeide_1.8.0/stm32cubeide/plugins/com.st.stm32cube.ide.mcu.externaltools.gnu-tools-for-stm32.10.3-2021.10.win32_1.0.0.202111181127/tools/bin/../lib/gcc/arm-none-eabi/10.3.1/thumb/v7e-m+fp/hard\libgcc.a
LOAD d:/mcgill/stm32/stm32cubeide/stm32cubeide_1.8.0/stm32cubeide/plugins/com.st.stm32cube.ide.mcu.externaltools.gnu-tools-for-stm32.10.3-2021.10.win32_1.0.0.202111181127/tools/bin/../lib/gcc/arm-none-eabi/10.3.1/../../../../arm-none-eabi/lib/thumb/v7e-m+fp/hard\libc_nano.a
END GROUP
START GROUP
LOAD d:/mcgill/stm32/stm32cubeide/stm32cubeide_1.8.0/stm32cubeide/plugins/com.st.stm32cube.ide.mcu.externaltools.gnu-tools-for-stm32.10.3-2021.10.win32_1.0.0.202111181127/tools/bin/../lib/gcc/arm-none-eabi/10.3.1/thumb/v7e-m+fp/hard\libgcc.a
LOAD d:/mcgill/stm32/stm32cubeide/stm32cubeide_1.8.0/stm32cubeide/plugins/com.st.stm32cube.ide.mcu.externaltools.gnu-tools-for-stm32.10.3-2021.10.win32_1.0.0.202111181127/tools/bin/../lib/gcc/arm-none-eabi/10.3.1/../../../../arm-none-eabi/lib/thumb/v7e-m+fp/hard\libc_nano.a
LOAD d:/mcgill/stm32/stm32cubeide/stm32cubeide_1.8.0/stm32cubeide/plugins/com.st.stm32cube.ide.mcu.externaltools.gnu-tools-for-stm32.10.3-2021.10.win32_1.0.0.202111181127/tools/bin/../lib/gcc/arm-none-eabi/10.3.1/../../../../arm-none-eabi/lib/thumb/v7e-m+fp/hard\libnosys.a
END GROUP
START GROUP
LOAD d:/mcgill/stm32/stm32cubeide/stm32cubeide_1.8.0/stm32cubeide/plugins/com.st.stm32cube.ide.mcu.externaltools.gnu-tools-for-stm32.10.3-2021.10.win32_1.0.0.202111181127/tools/bin/../lib/gcc/arm-none-eabi/10.3.1/thumb/v7e-m+fp/hard\libgcc.a
LOAD d:/mcgill/stm32/stm32cubeide/stm32cubeide_1.8.0/stm32cubeide/plugins/com.st.stm32cube.ide.mcu.externaltools.gnu-tools-for-stm32.10.3-2021.10.win32_1.0.0.202111181127/tools/bin/../lib/gcc/arm-none-eabi/10.3.1/../../../../arm-none-eabi/lib/thumb/v7e-m+fp/hard\libc_nano.a
LOAD d:/mcgill/stm32/stm32cubeide/stm32cubeide_1.8.0/stm32cubeide/plugins/com.st.stm32cube.ide.mcu.externaltools.gnu-tools-for-stm32.10.3-2021.10.win32_1.0.0.202111181127/tools/bin/../lib/gcc/arm-none-eabi/10.3.1/../../../../arm-none-eabi/lib/thumb/v7e-m+fp/hard\libnosys.a
END GROUP
LOAD d:/mcgill/stm32/stm32cubeide/stm32cubeide_1.8.0/stm32cubeide/plugins/com.st.stm32cube.ide.mcu.externaltools.gnu-tools-for-stm32.10.3-2021.10.win32_1.0.0.202111181127/tools/bin/../lib/gcc/arm-none-eabi/10.3.1/thumb/v7e-m+fp/hard/crtend.o
LOAD d:/mcgill/stm32/stm32cubeide/stm32cubeide_1.8.0/stm32cubeide/plugins/com.st.stm32cube.ide.mcu.externaltools.gnu-tools-for-stm32.10.3-2021.10.win32_1.0.0.202111181127/tools/bin/../lib/gcc/arm-none-eabi/10.3.1/thumb/v7e-m+fp/hard/crtn.o
                0x00000000200a0000                _estack = (ORIGIN (RAM) + LENGTH (RAM))
                0x0000000000000200                _Min_Heap_Size = 0x200
                0x0000000000000400                _Min_Stack_Size = 0x400

.isr_vector     0x0000000008000000      0x1bc
                0x0000000008000000                . = ALIGN (0x4)
 *(.isr_vector)
 .isr_vector    0x0000000008000000      0x1bc ./Core/Startup/startup_stm32l4s5vitx.o
                0x0000000008000000                g_pfnVectors
                0x00000000080001bc                . = ALIGN (0x4)

.text           0x00000000080001c0     0xdf00
                0x00000000080001c0                . = ALIGN (0x4)
 *(.text)
 .text          0x00000000080001c0       0x40 d:/mcgill/stm32/stm32cubeide/stm32cubeide_1.8.0/stm32cubeide/plugins/com.st.stm32cube.ide.mcu.externaltools.gnu-tools-for-stm32.10.3-2021.10.win32_1.0.0.202111181127/tools/bin/../lib/gcc/arm-none-eabi/10.3.1/thumb/v7e-m+fp/hard/crtbegin.o
 .text          0x0000000008000200       0x10 d:/mcgill/stm32/stm32cubeide/stm32cubeide_1.8.0/stm32cubeide/plugins/com.st.stm32cube.ide.mcu.externaltools.gnu-tools-for-stm32.10.3-2021.10.win32_1.0.0.202111181127/tools/bin/../lib/gcc/arm-none-eabi/10.3.1/../../../../arm-none-eabi/lib/thumb/v7e-m+fp/hard\libc_nano.a(lib_a-strlen.o)
                0x0000000008000200                strlen
 .text          0x0000000008000210       0xa0 d:/mcgill/stm32/stm32cubeide/stm32cubeide_1.8.0/stm32cubeide/plugins/com.st.stm32cube.ide.mcu.externaltools.gnu-tools-for-stm32.10.3-2021.10.win32_1.0.0.202111181127/tools/bin/../lib/gcc/arm-none-eabi/10.3.1/../../../../arm-none-eabi/lib/thumb/v7e-m+fp/hard\libc_nano.a(lib_a-memchr.o)
                0x0000000008000210                memchr
 .text          0x00000000080002b0      0x378 d:/mcgill/stm32/stm32cubeide/stm32cubeide_1.8.0/stm32cubeide/plugins/com.st.stm32cube.ide.mcu.externaltools.gnu-tools-for-stm32.10.3-2021.10.win32_1.0.0.202111181127/tools/bin/../lib/gcc/arm-none-eabi/10.3.1/thumb/v7e-m+fp/hard\libgcc.a(_arm_addsubdf3.o)
                0x00000000080002b0                __aeabi_drsub
                0x00000000080002b8                __aeabi_dsub
                0x00000000080002b8                __subdf3
                0x00000000080002bc                __aeabi_dadd
                0x00000000080002bc                __adddf3
                0x0000000008000534                __floatunsidf
                0x0000000008000534                __aeabi_ui2d
                0x0000000008000554                __floatsidf
                0x0000000008000554                __aeabi_i2d
                0x0000000008000578                __aeabi_f2d
                0x0000000008000578                __extendsfdf2
                0x00000000080005bc                __floatundidf
                0x00000000080005bc                __aeabi_ul2d
                0x00000000080005cc                __floatdidf
                0x00000000080005cc                __aeabi_l2d
 .text          0x0000000008000628      0x424 d:/mcgill/stm32/stm32cubeide/stm32cubeide_1.8.0/stm32cubeide/plugins/com.st.stm32cube.ide.mcu.externaltools.gnu-tools-for-stm32.10.3-2021.10.win32_1.0.0.202111181127/tools/bin/../lib/gcc/arm-none-eabi/10.3.1/thumb/v7e-m+fp/hard\libgcc.a(_arm_muldivdf3.o)
                0x0000000008000628                __aeabi_dmul
                0x0000000008000628                __muldf3
                0x000000000800087c                __divdf3
                0x000000000800087c                __aeabi_ddiv
 .text          0x0000000008000a4c       0x40 d:/mcgill/stm32/stm32cubeide/stm32cubeide_1.8.0/stm32cubeide/plugins/com.st.stm32cube.ide.mcu.externaltools.gnu-tools-for-stm32.10.3-2021.10.win32_1.0.0.202111181127/tools/bin/../lib/gcc/arm-none-eabi/10.3.1/thumb/v7e-m+fp/hard\libgcc.a(_arm_fixunsdfsi.o)
                0x0000000008000a4c                __aeabi_d2uiz
                0x0000000008000a4c                __fixunsdfsi
 .text          0x0000000008000a8c       0xa0 d:/mcgill/stm32/stm32cubeide/stm32cubeide_1.8.0/stm32cubeide/plugins/com.st.stm32cube.ide.mcu.externaltools.gnu-tools-for-stm32.10.3-2021.10.win32_1.0.0.202111181127/tools/bin/../lib/gcc/arm-none-eabi/10.3.1/thumb/v7e-m+fp/hard\libgcc.a(_arm_truncdfsf2.o)
                0x0000000008000a8c                __truncdfsf2
                0x0000000008000a8c                __aeabi_d2f
 .text          0x0000000008000b2c       0x30 d:/mcgill/stm32/stm32cubeide/stm32cubeide_1.8.0/stm32cubeide/plugins/com.st.stm32cube.ide.mcu.externaltools.gnu-tools-for-stm32.10.3-2021.10.win32_1.0.0.202111181127/tools/bin/../lib/gcc/arm-none-eabi/10.3.1/thumb/v7e-m+fp/hard\libgcc.a(_aeabi_uldivmod.o)
                0x0000000008000b2c                __aeabi_uldivmod
 .text          0x0000000008000b5c      0x2d0 d:/mcgill/stm32/stm32cubeide/stm32cubeide_1.8.0/stm32cubeide/plugins/com.st.stm32cube.ide.mcu.externaltools.gnu-tools-for-stm32.10.3-2021.10.win32_1.0.0.202111181127/tools/bin/../lib/gcc/arm-none-eabi/10.3.1/thumb/v7e-m+fp/hard\libgcc.a(_udivmoddi4.o)
                0x0000000008000b5c                __udivmoddi4
 .text          0x0000000008000e2c        0x4 d:/mcgill/stm32/stm32cubeide/stm32cubeide_1.8.0/stm32cubeide/plugins/com.st.stm32cube.ide.mcu.externaltools.gnu-tools-for-stm32.10.3-2021.10.win32_1.0.0.202111181127/tools/bin/../lib/gcc/arm-none-eabi/10.3.1/thumb/v7e-m+fp/hard\libgcc.a(_dvmd_tls.o)
                0x0000000008000e2c                __aeabi_idiv0
                0x0000000008000e2c                __aeabi_ldiv0
 *(.text*)
 .text.gyroIntegrate
                0x0000000008000e30       0xb8 ./Core/Src/main.o
                0x0000000008000e30                gyroIntegrate
 .text.getAngleXYZ
                0x0000000008000ee8       0x7c ./Core/Src/main.o
                0x0000000008000ee8                getAngleXYZ
 .text.updateMap
                0x0000000008000f64      0x104 ./Core/Src/main.o
                0x0000000008000f64                updateMap
 .text.updateSatellite
                0x0000000008001068       0x98 ./Core/Src/main.o
                0x0000000008001068                updateSatellite
 .text.generateObstacle
                0x0000000008001100       0x58 ./Core/Src/main.o
                0x0000000008001100                generateObstacle
 .text.printMessage
                0x0000000008001158       0x7c ./Core/Src/main.o
                0x0000000008001158                printMessage
 .text.printEndingMessage
                0x00000000080011d4       0xe0 ./Core/Src/main.o
                0x00000000080011d4                printEndingMessage
 *fill*         0x00000000080012b4        0x4 
 .text.createTones
                0x00000000080012b8     0x2b24 ./Core/Src/main.o
                0x00000000080012b8                createTones
 .text.writePause
                0x0000000008003ddc       0x4c ./Core/Src/main.o
                0x0000000008003ddc                writePause
 .text.writeMegalovaniaQuick
                0x0000000008003e28      0x4f4 ./Core/Src/main.o
                0x0000000008003e28                writeMegalovaniaQuick
 .text.writePauseSlow
                0x000000000800431c       0x4c ./Core/Src/main.o
                0x000000000800431c                writePauseSlow
 .text.writeMegalovaniaSlow
                0x0000000008004368      0x4f4 ./Core/Src/main.o
                0x0000000008004368                writeMegalovaniaSlow
 .text.gameReset
                0x000000000800485c       0xc0 ./Core/Src/main.o
                0x000000000800485c                gameReset
 .text.main     0x000000000800491c      0x4ac ./Core/Src/main.o
                0x000000000800491c                main
 .text.SystemClock_Config
                0x0000000008004dc8       0xa2 ./Core/Src/main.o
                0x0000000008004dc8                SystemClock_Config
 *fill*         0x0000000008004e6a        0x2 
 .text.MX_DAC1_Init
                0x0000000008004e6c       0x68 ./Core/Src/main.o
 .text.MX_I2C2_Init
                0x0000000008004ed4       0x80 ./Core/Src/main.o
 .text.MX_OCTOSPI1_Init
                0x0000000008004f54       0xa8 ./Core/Src/main.o
 .text.MX_TIM2_Init
                0x0000000008004ffc       0x9c ./Core/Src/main.o
 .text.MX_USART1_UART_Init
                0x0000000008005098       0x98 ./Core/Src/main.o
 .text.MX_DMA_Init
                0x0000000008005130       0x54 ./Core/Src/main.o
 .text.MX_GPIO_Init
                0x0000000008005184       0xdc ./Core/Src/main.o
 .text.HAL_GPIO_EXTI_Callback
                0x0000000008005260       0x28 ./Core/Src/main.o
                0x0000000008005260                HAL_GPIO_EXTI_Callback
 .text.HAL_TIM_PeriodElapsedCallback
                0x0000000008005288       0x24 ./Core/Src/main.o
                0x0000000008005288                HAL_TIM_PeriodElapsedCallback
 .text.Error_Handler
                0x00000000080052ac        0xa ./Core/Src/main.o
                0x00000000080052ac                Error_Handler
 *fill*         0x00000000080052b6        0x2 
 .text.I2Cx_MspInit
                0x00000000080052b8       0xb0 ./Core/Src/stm32l4s5i_iot01.o
 .text.I2Cx_Init
                0x0000000008005368       0x5c ./Core/Src/stm32l4s5i_iot01.o
 .text.I2Cx_ReadMultiple
                0x00000000080053c4       0x5a ./Core/Src/stm32l4s5i_iot01.o
 .text.I2Cx_WriteMultiple
                0x000000000800541e       0x5a ./Core/Src/stm32l4s5i_iot01.o
 .text.I2Cx_Error
                0x0000000008005478       0x20 ./Core/Src/stm32l4s5i_iot01.o
 .text.SENSOR_IO_Init
                0x0000000008005498       0x14 ./Core/Src/stm32l4s5i_iot01.o
                0x0000000008005498                SENSOR_IO_Init
 .text.SENSOR_IO_Write
                0x00000000080054ac       0x34 ./Core/Src/stm32l4s5i_iot01.o
                0x00000000080054ac                SENSOR_IO_Write
 .text.SENSOR_IO_Read
                0x00000000080054e0       0x3c ./Core/Src/stm32l4s5i_iot01.o
                0x00000000080054e0                SENSOR_IO_Read
 .text.SENSOR_IO_ReadMultiple
                0x000000000800551c       0x3c ./Core/Src/stm32l4s5i_iot01.o
                0x000000000800551c                SENSOR_IO_ReadMultiple
 .text.BSP_GYRO_Init
                0x0000000008005558       0x84 ./Core/Src/stm32l4s5i_iot01_gyro.o
                0x0000000008005558                BSP_GYRO_Init
 .text.BSP_GYRO_GetXYZ
                0x00000000080055dc       0x30 ./Core/Src/stm32l4s5i_iot01_gyro.o
                0x00000000080055dc                BSP_GYRO_GetXYZ
 .text.BSP_QSPI_Init
                0x000000000800560c       0xfc ./Core/Src/stm32l4s5i_iot01_qspi.o
                0x000000000800560c                BSP_QSPI_Init
 .text.BSP_QSPI_Read
                0x0000000008005708       0xa4 ./Core/Src/stm32l4s5i_iot01_qspi.o
                0x0000000008005708                BSP_QSPI_Read
 .text.BSP_QSPI_Write
                0x00000000080057ac      0x10c ./Core/Src/stm32l4s5i_iot01_qspi.o
                0x00000000080057ac                BSP_QSPI_Write
 .text.BSP_QSPI_Erase_Block
                0x00000000080058b8       0x94 ./Core/Src/stm32l4s5i_iot01_qspi.o
                0x00000000080058b8                BSP_QSPI_Erase_Block
 .text.BSP_QSPI_MspInit
                0x000000000800594c       0x80 ./Core/Src/stm32l4s5i_iot01_qspi.o
                0x000000000800594c                BSP_QSPI_MspInit
 .text.QSPI_ResetMemory
                0x00000000080059cc       0x8e ./Core/Src/stm32l4s5i_iot01_qspi.o
 .text.QSPI_WriteEnable
                0x0000000008005a5a       0xb8 ./Core/Src/stm32l4s5i_iot01_qspi.o
 .text.QSPI_AutoPollingMemReady
                0x0000000008005b12       0x96 ./Core/Src/stm32l4s5i_iot01_qspi.o
 .text.QSPI_QuadMode
                0x0000000008005ba8      0x158 ./Core/Src/stm32l4s5i_iot01_qspi.o
 .text.QSPI_HighPerfMode
                0x0000000008005d00      0x19e ./Core/Src/stm32l4s5i_iot01_qspi.o
 *fill*         0x0000000008005e9e        0x2 
 .text.HAL_MspInit
                0x0000000008005ea0       0x48 ./Core/Src/stm32l4xx_hal_msp.o
                0x0000000008005ea0                HAL_MspInit
 .text.HAL_DAC_MspInit
                0x0000000008005ee8       0xe8 ./Core/Src/stm32l4xx_hal_msp.o
                0x0000000008005ee8                HAL_DAC_MspInit
 .text.HAL_I2C_MspInit
                0x0000000008005fd0       0xbc ./Core/Src/stm32l4xx_hal_msp.o
                0x0000000008005fd0                HAL_I2C_MspInit
 .text.HAL_I2C_MspDeInit
                0x000000000800608c       0x48 ./Core/Src/stm32l4xx_hal_msp.o
                0x000000000800608c                HAL_I2C_MspDeInit
 .text.HAL_OSPI_MspInit
                0x00000000080060d4       0xd8 ./Core/Src/stm32l4xx_hal_msp.o
                0x00000000080060d4                HAL_OSPI_MspInit
 .text.HAL_OSPI_MspDeInit
                0x00000000080061ac       0x48 ./Core/Src/stm32l4xx_hal_msp.o
                0x00000000080061ac                HAL_OSPI_MspDeInit
 .text.HAL_TIM_Base_MspInit
                0x00000000080061f4       0x48 ./Core/Src/stm32l4xx_hal_msp.o
                0x00000000080061f4                HAL_TIM_Base_MspInit
 .text.HAL_UART_MspInit
                0x000000000800623c       0xbc ./Core/Src/stm32l4xx_hal_msp.o
                0x000000000800623c                HAL_UART_MspInit
 .text.HAL_InitTick
                0x00000000080062f8       0xac ./Core/Src/stm32l4xx_hal_timebase_tim.o
                0x00000000080062f8                HAL_InitTick
 .text.NMI_Handler
                0x00000000080063a4        0x6 ./Core/Src/stm32l4xx_it.o
                0x00000000080063a4                NMI_Handler
 .text.HardFault_Handler
                0x00000000080063aa        0x6 ./Core/Src/stm32l4xx_it.o
                0x00000000080063aa                HardFault_Handler
 .text.MemManage_Handler
                0x00000000080063b0        0x6 ./Core/Src/stm32l4xx_it.o
                0x00000000080063b0                MemManage_Handler
 .text.BusFault_Handler
                0x00000000080063b6        0x6 ./Core/Src/stm32l4xx_it.o
                0x00000000080063b6                BusFault_Handler
 .text.UsageFault_Handler
                0x00000000080063bc        0x6 ./Core/Src/stm32l4xx_it.o
                0x00000000080063bc                UsageFault_Handler
 .text.SVC_Handler
                0x00000000080063c2        0xe ./Core/Src/stm32l4xx_it.o
                0x00000000080063c2                SVC_Handler
 .text.DebugMon_Handler
                0x00000000080063d0        0xe ./Core/Src/stm32l4xx_it.o
                0x00000000080063d0                DebugMon_Handler
 .text.PendSV_Handler
                0x00000000080063de        0xe ./Core/Src/stm32l4xx_it.o
                0x00000000080063de                PendSV_Handler
 .text.SysTick_Handler
                0x00000000080063ec        0xe ./Core/Src/stm32l4xx_it.o
                0x00000000080063ec                SysTick_Handler
 *fill*         0x00000000080063fa        0x2 
 .text.DMA1_Channel1_IRQHandler
                0x00000000080063fc       0x14 ./Core/Src/stm32l4xx_it.o
                0x00000000080063fc                DMA1_Channel1_IRQHandler
 .text.TIM2_IRQHandler
                0x0000000008006410       0x14 ./Core/Src/stm32l4xx_it.o
                0x0000000008006410                TIM2_IRQHandler
 .text.EXTI15_10_IRQHandler
                0x0000000008006424       0x10 ./Core/Src/stm32l4xx_it.o
                0x0000000008006424                EXTI15_10_IRQHandler
 .text.TIM6_DAC_IRQHandler
                0x0000000008006434       0x1c ./Core/Src/stm32l4xx_it.o
                0x0000000008006434                TIM6_DAC_IRQHandler
 .text._getpid  0x0000000008006450       0x10 ./Core/Src/syscalls.o
                0x0000000008006450                _getpid
 .text._kill    0x0000000008006460       0x20 ./Core/Src/syscalls.o
                0x0000000008006460                _kill
 .text._exit    0x0000000008006480       0x14 ./Core/Src/syscalls.o
                0x0000000008006480                _exit
 .text._read    0x0000000008006494       0x3a ./Core/Src/syscalls.o
                0x0000000008006494                _read
 .text._write   0x00000000080064ce       0x38 ./Core/Src/syscalls.o
                0x00000000080064ce                _write
 .text._close   0x0000000008006506       0x18 ./Core/Src/syscalls.o
                0x0000000008006506                _close
 .text._fstat   0x000000000800651e       0x20 ./Core/Src/syscalls.o
                0x000000000800651e                _fstat
 .text._isatty  0x000000000800653e       0x16 ./Core/Src/syscalls.o
                0x000000000800653e                _isatty
 .text._lseek   0x0000000008006554       0x1a ./Core/Src/syscalls.o
                0x0000000008006554                _lseek
 *fill*         0x000000000800656e        0x2 
 .text._sbrk    0x0000000008006570       0x6c ./Core/Src/sysmem.o
                0x0000000008006570                _sbrk
 .text.SystemInit
                0x00000000080065dc       0x24 ./Core/Src/system_stm32l4xx.o
                0x00000000080065dc                SystemInit
 .text.Reset_Handler
                0x0000000008006600       0x50 ./Core/Startup/startup_stm32l4s5vitx.o
                0x0000000008006600                Reset_Handler
 .text.Default_Handler
                0x0000000008006650        0x2 ./Core/Startup/startup_stm32l4s5vitx.o
                0x0000000008006650                RTC_Alarm_IRQHandler
                0x0000000008006650                EXTI2_IRQHandler
                0x0000000008006650                TIM8_TRG_COM_IRQHandler
                0x0000000008006650                TIM8_CC_IRQHandler
                0x0000000008006650                TIM1_CC_IRQHandler
                0x0000000008006650                TSC_IRQHandler
                0x0000000008006650                TAMP_STAMP_IRQHandler
                0x0000000008006650                EXTI3_IRQHandler
                0x0000000008006650                LPTIM2_IRQHandler
                0x0000000008006650                DFSDM1_FLT1_IRQHandler
                0x0000000008006650                GFXMMU_IRQHandler
                0x0000000008006650                I2C3_ER_IRQHandler
                0x0000000008006650                DFSDM1_FLT2_IRQHandler
                0x0000000008006650                EXTI0_IRQHandler
                0x0000000008006650                I2C2_EV_IRQHandler
                0x0000000008006650                CAN1_RX0_IRQHandler
                0x0000000008006650                FPU_IRQHandler
                0x0000000008006650                TIM1_UP_TIM16_IRQHandler
                0x0000000008006650                LTDC_ER_IRQHandler
                0x0000000008006650                SPI1_IRQHandler
                0x0000000008006650                OCTOSPI1_IRQHandler
                0x0000000008006650                DCMI_IRQHandler
                0x0000000008006650                TIM8_UP_IRQHandler
                0x0000000008006650                OCTOSPI2_IRQHandler
                0x0000000008006650                DMA2_Channel2_IRQHandler
                0x0000000008006650                DMA1_Channel4_IRQHandler
                0x0000000008006650                SAI2_IRQHandler
                0x0000000008006650                ADC1_IRQHandler
                0x0000000008006650                DFSDM1_FLT3_IRQHandler
                0x0000000008006650                USART3_IRQHandler
                0x0000000008006650                DMA1_Channel7_IRQHandler
                0x0000000008006650                CAN1_RX1_IRQHandler
                0x0000000008006650                UART5_IRQHandler
                0x0000000008006650                TIM4_IRQHandler
                0x0000000008006650                DMA2_Channel1_IRQHandler
                0x0000000008006650                I2C1_EV_IRQHandler
                0x0000000008006650                DMAMUX1_OVR_IRQHandler
                0x0000000008006650                DMA1_Channel6_IRQHandler
                0x0000000008006650                UART4_IRQHandler
                0x0000000008006650                DMA2_Channel4_IRQHandler
                0x0000000008006650                TIM3_IRQHandler
                0x0000000008006650                RCC_IRQHandler
                0x0000000008006650                Default_Handler
                0x0000000008006650                DMA2_Channel7_IRQHandler
                0x0000000008006650                TIM7_IRQHandler
                0x0000000008006650                SDMMC1_IRQHandler
                0x0000000008006650                TIM5_IRQHandler
                0x0000000008006650                I2C3_EV_IRQHandler
                0x0000000008006650                EXTI9_5_IRQHandler
                0x0000000008006650                RTC_WKUP_IRQHandler
                0x0000000008006650                LTDC_IRQHandler
                0x0000000008006650                PVD_PVM_IRQHandler
                0x0000000008006650                SPI2_IRQHandler
                0x0000000008006650                CAN1_TX_IRQHandler
                0x0000000008006650                DMA2_Channel5_IRQHandler
                0x0000000008006650                DMA1_Channel5_IRQHandler
                0x0000000008006650                EXTI4_IRQHandler
                0x0000000008006650                RNG_IRQHandler
                0x0000000008006650                TIM1_TRG_COM_TIM17_IRQHandler
                0x0000000008006650                DMA1_Channel3_IRQHandler
                0x0000000008006650                COMP_IRQHandler
                0x0000000008006650                HASH_CRS_IRQHandler
                0x0000000008006650                WWDG_IRQHandler
                0x0000000008006650                I2C4_EV_IRQHandler
                0x0000000008006650                LPUART1_IRQHandler
                0x0000000008006650                DMA2_Channel6_IRQHandler
                0x0000000008006650                DMA2D_IRQHandler
                0x0000000008006650                EXTI1_IRQHandler
                0x0000000008006650                AES_IRQHandler
                0x0000000008006650                USART2_IRQHandler
                0x0000000008006650                DFSDM1_FLT0_IRQHandler
                0x0000000008006650                I2C2_ER_IRQHandler
                0x0000000008006650                DMA1_Channel2_IRQHandler
                0x0000000008006650                TIM8_BRK_IRQHandler
                0x0000000008006650                CAN1_SCE_IRQHandler
                0x0000000008006650                FLASH_IRQHandler
                0x0000000008006650                USART1_IRQHandler
                0x0000000008006650                OTG_FS_IRQHandler
                0x0000000008006650                SPI3_IRQHandler
                0x0000000008006650                I2C1_ER_IRQHandler
                0x0000000008006650                FMC_IRQHandler
                0x0000000008006650                LPTIM1_IRQHandler
                0x0000000008006650                I2C4_ER_IRQHandler
                0x0000000008006650                SAI1_IRQHandler
                0x0000000008006650                DMA2_Channel3_IRQHandler
                0x0000000008006650                TIM1_BRK_TIM15_IRQHandler
 .text.LSM6DSL_GyroInit
                0x0000000008006652       0x72 ./Drivers/Components/lsm6dsl/lsm6dsl.o
                0x0000000008006652                LSM6DSL_GyroInit
 .text.LSM6DSL_GyroDeInit
                0x00000000080066c4       0x32 ./Drivers/Components/lsm6dsl/lsm6dsl.o
                0x00000000080066c4                LSM6DSL_GyroDeInit
 .text.LSM6DSL_GyroReadID
                0x00000000080066f6       0x16 ./Drivers/Components/lsm6dsl/lsm6dsl.o
                0x00000000080066f6                LSM6DSL_GyroReadID
 .text.LSM6DSL_GyroLowPower
                0x000000000800670c       0x44 ./Drivers/Components/lsm6dsl/lsm6dsl.o
                0x000000000800670c                LSM6DSL_GyroLowPower
 .text.LSM6DSL_GyroReadXYZAngRate
                0x0000000008006750      0x128 ./Drivers/Components/lsm6dsl/lsm6dsl.o
                0x0000000008006750                LSM6DSL_GyroReadXYZAngRate
 .text.HAL_Init
                0x0000000008006878       0x30 ./Drivers/STM32L4xx_HAL_Driver/Src/stm32l4xx_hal.o
                0x0000000008006878                HAL_Init
 .text.HAL_IncTick
                0x00000000080068a8       0x28 ./Drivers/STM32L4xx_HAL_Driver/Src/stm32l4xx_hal.o
                0x00000000080068a8                HAL_IncTick
 .text.HAL_GetTick
                0x00000000080068d0       0x18 ./Drivers/STM32L4xx_HAL_Driver/Src/stm32l4xx_hal.o
                0x00000000080068d0                HAL_GetTick
 .text.HAL_Delay
                0x00000000080068e8       0x48 ./Drivers/STM32L4xx_HAL_Driver/Src/stm32l4xx_hal.o
                0x00000000080068e8                HAL_Delay
 .text.__NVIC_SetPriorityGrouping
                0x0000000008006930       0x48 ./Drivers/STM32L4xx_HAL_Driver/Src/stm32l4xx_hal_cortex.o
 .text.__NVIC_GetPriorityGrouping
                0x0000000008006978       0x1c ./Drivers/STM32L4xx_HAL_Driver/Src/stm32l4xx_hal_cortex.o
 .text.__NVIC_EnableIRQ
                0x0000000008006994       0x3c ./Drivers/STM32L4xx_HAL_Driver/Src/stm32l4xx_hal_cortex.o
 .text.__NVIC_SetPriority
                0x00000000080069d0       0x54 ./Drivers/STM32L4xx_HAL_Driver/Src/stm32l4xx_hal_cortex.o
 .text.NVIC_EncodePriority
                0x0000000008006a24       0x66 ./Drivers/STM32L4xx_HAL_Driver/Src/stm32l4xx_hal_cortex.o
 .text.HAL_NVIC_SetPriorityGrouping
                0x0000000008006a8a       0x16 ./Drivers/STM32L4xx_HAL_Driver/Src/stm32l4xx_hal_cortex.o
                0x0000000008006a8a                HAL_NVIC_SetPriorityGrouping
 .text.HAL_NVIC_SetPriority
                0x0000000008006aa0       0x38 ./Drivers/STM32L4xx_HAL_Driver/Src/stm32l4xx_hal_cortex.o
                0x0000000008006aa0                HAL_NVIC_SetPriority
 .text.HAL_NVIC_EnableIRQ
                0x0000000008006ad8       0x1c ./Drivers/STM32L4xx_HAL_Driver/Src/stm32l4xx_hal_cortex.o
                0x0000000008006ad8                HAL_NVIC_EnableIRQ
 .text.HAL_DAC_Init
                0x0000000008006af4       0x44 ./Drivers/STM32L4xx_HAL_Driver/Src/stm32l4xx_hal_dac.o
                0x0000000008006af4                HAL_DAC_Init
 .text.HAL_DAC_Start
                0x0000000008006b38       0xa4 ./Drivers/STM32L4xx_HAL_Driver/Src/stm32l4xx_hal_dac.o
                0x0000000008006b38                HAL_DAC_Start
 .text.HAL_DAC_Start_DMA
                0x0000000008006bdc      0x198 ./Drivers/STM32L4xx_HAL_Driver/Src/stm32l4xx_hal_dac.o
                0x0000000008006bdc                HAL_DAC_Start_DMA
 .text.HAL_DAC_Stop_DMA
                0x0000000008006d74       0x8a ./Drivers/STM32L4xx_HAL_Driver/Src/stm32l4xx_hal_dac.o
                0x0000000008006d74                HAL_DAC_Stop_DMA
 .text.HAL_DAC_IRQHandler
                0x0000000008006dfe       0xb4 ./Drivers/STM32L4xx_HAL_Driver/Src/stm32l4xx_hal_dac.o
                0x0000000008006dfe                HAL_DAC_IRQHandler
 .text.HAL_DAC_ConvCpltCallbackCh1
                0x0000000008006eb2       0x14 ./Drivers/STM32L4xx_HAL_Driver/Src/stm32l4xx_hal_dac.o
                0x0000000008006eb2                HAL_DAC_ConvCpltCallbackCh1
 .text.HAL_DAC_ConvHalfCpltCallbackCh1
                0x0000000008006ec6       0x14 ./Drivers/STM32L4xx_HAL_Driver/Src/stm32l4xx_hal_dac.o
                0x0000000008006ec6                HAL_DAC_ConvHalfCpltCallbackCh1
 .text.HAL_DAC_ErrorCallbackCh1
                0x0000000008006eda       0x14 ./Drivers/STM32L4xx_HAL_Driver/Src/stm32l4xx_hal_dac.o
                0x0000000008006eda                HAL_DAC_ErrorCallbackCh1
 .text.HAL_DAC_DMAUnderrunCallbackCh1
                0x0000000008006eee       0x14 ./Drivers/STM32L4xx_HAL_Driver/Src/stm32l4xx_hal_dac.o
                0x0000000008006eee                HAL_DAC_DMAUnderrunCallbackCh1
 *fill*         0x0000000008006f02        0x2 
 .text.HAL_DAC_ConfigChannel
                0x0000000008006f04      0x280 ./Drivers/STM32L4xx_HAL_Driver/Src/stm32l4xx_hal_dac.o
                0x0000000008006f04                HAL_DAC_ConfigChannel
 .text.DAC_DMAConvCpltCh1
                0x0000000008007184       0x22 ./Drivers/STM32L4xx_HAL_Driver/Src/stm32l4xx_hal_dac.o
                0x0000000008007184                DAC_DMAConvCpltCh1
 .text.DAC_DMAHalfConvCpltCh1
                0x00000000080071a6       0x1c ./Drivers/STM32L4xx_HAL_Driver/Src/stm32l4xx_hal_dac.o
                0x00000000080071a6                DAC_DMAHalfConvCpltCh1
 .text.DAC_DMAErrorCh1
                0x00000000080071c2       0x2e ./Drivers/STM32L4xx_HAL_Driver/Src/stm32l4xx_hal_dac.o
                0x00000000080071c2                DAC_DMAErrorCh1
 .text.HAL_DACEx_ConvCpltCallbackCh2
                0x00000000080071f0       0x14 ./Drivers/STM32L4xx_HAL_Driver/Src/stm32l4xx_hal_dac_ex.o
                0x00000000080071f0                HAL_DACEx_ConvCpltCallbackCh2
 .text.HAL_DACEx_ConvHalfCpltCallbackCh2
                0x0000000008007204       0x14 ./Drivers/STM32L4xx_HAL_Driver/Src/stm32l4xx_hal_dac_ex.o
                0x0000000008007204                HAL_DACEx_ConvHalfCpltCallbackCh2
 .text.HAL_DACEx_ErrorCallbackCh2
                0x0000000008007218       0x14 ./Drivers/STM32L4xx_HAL_Driver/Src/stm32l4xx_hal_dac_ex.o
                0x0000000008007218                HAL_DACEx_ErrorCallbackCh2
 .text.HAL_DACEx_DMAUnderrunCallbackCh2
                0x000000000800722c       0x14 ./Drivers/STM32L4xx_HAL_Driver/Src/stm32l4xx_hal_dac_ex.o
                0x000000000800722c                HAL_DACEx_DMAUnderrunCallbackCh2
 .text.DAC_DMAConvCpltCh2
                0x0000000008007240       0x22 ./Drivers/STM32L4xx_HAL_Driver/Src/stm32l4xx_hal_dac_ex.o
                0x0000000008007240                DAC_DMAConvCpltCh2
 .text.DAC_DMAHalfConvCpltCh2
                0x0000000008007262       0x1c ./Drivers/STM32L4xx_HAL_Driver/Src/stm32l4xx_hal_dac_ex.o
                0x0000000008007262                DAC_DMAHalfConvCpltCh2
 .text.DAC_DMAErrorCh2
                0x000000000800727e       0x2e ./Drivers/STM32L4xx_HAL_Driver/Src/stm32l4xx_hal_dac_ex.o
                0x000000000800727e                DAC_DMAErrorCh2
 .text.HAL_DMA_Init
                0x00000000080072ac      0x150 ./Drivers/STM32L4xx_HAL_Driver/Src/stm32l4xx_hal_dma.o
                0x00000000080072ac                HAL_DMA_Init
 .text.HAL_DMA_Start_IT
                0x00000000080073fc       0xf6 ./Drivers/STM32L4xx_HAL_Driver/Src/stm32l4xx_hal_dma.o
                0x00000000080073fc                HAL_DMA_Start_IT
 .text.HAL_DMA_Abort
                0x00000000080074f2       0xb8 ./Drivers/STM32L4xx_HAL_Driver/Src/stm32l4xx_hal_dma.o
                0x00000000080074f2                HAL_DMA_Abort
 .text.HAL_DMA_IRQHandler
                0x00000000080075aa      0x15e ./Drivers/STM32L4xx_HAL_Driver/Src/stm32l4xx_hal_dma.o
                0x00000000080075aa                HAL_DMA_IRQHandler
 .text.DMA_SetConfig
                0x0000000008007708       0x7c ./Drivers/STM32L4xx_HAL_Driver/Src/stm32l4xx_hal_dma.o
 .text.DMA_CalcDMAMUXChannelBaseAndMask
                0x0000000008007784       0x7c ./Drivers/STM32L4xx_HAL_Driver/Src/stm32l4xx_hal_dma.o
 .text.DMA_CalcDMAMUXRequestGenBaseAndMask
                0x0000000008007800       0x48 ./Drivers/STM32L4xx_HAL_Driver/Src/stm32l4xx_hal_dma.o
 .text.HAL_GPIO_Init
                0x0000000008007848      0x324 ./Drivers/STM32L4xx_HAL_Driver/Src/stm32l4xx_hal_gpio.o
                0x0000000008007848                HAL_GPIO_Init
 .text.HAL_GPIO_DeInit
                0x0000000008007b6c      0x1e4 ./Drivers/STM32L4xx_HAL_Driver/Src/stm32l4xx_hal_gpio.o
                0x0000000008007b6c                HAL_GPIO_DeInit
 .text.HAL_GPIO_WritePin
                0x0000000008007d50       0x30 ./Drivers/STM32L4xx_HAL_Driver/Src/stm32l4xx_hal_gpio.o
                0x0000000008007d50                HAL_GPIO_WritePin
 .text.HAL_GPIO_TogglePin
                0x0000000008007d80       0x34 ./Drivers/STM32L4xx_HAL_Driver/Src/stm32l4xx_hal_gpio.o
                0x0000000008007d80                HAL_GPIO_TogglePin
 .text.HAL_GPIO_EXTI_IRQHandler
                0x0000000008007db4       0x30 ./Drivers/STM32L4xx_HAL_Driver/Src/stm32l4xx_hal_gpio.o
                0x0000000008007db4                HAL_GPIO_EXTI_IRQHandler
 .text.HAL_I2C_Init
                0x0000000008007de4      0x11e ./Drivers/STM32L4xx_HAL_Driver/Src/stm32l4xx_hal_i2c.o
                0x0000000008007de4                HAL_I2C_Init
 .text.HAL_I2C_DeInit
                0x0000000008007f02       0x5e ./Drivers/STM32L4xx_HAL_Driver/Src/stm32l4xx_hal_i2c.o
                0x0000000008007f02                HAL_I2C_DeInit
 .text.HAL_I2C_Mem_Write
                0x0000000008007f60      0x228 ./Drivers/STM32L4xx_HAL_Driver/Src/stm32l4xx_hal_i2c.o
                0x0000000008007f60                HAL_I2C_Mem_Write
 .text.HAL_I2C_Mem_Read
                0x0000000008008188      0x234 ./Drivers/STM32L4xx_HAL_Driver/Src/stm32l4xx_hal_i2c.o
                0x0000000008008188                HAL_I2C_Mem_Read
 .text.I2C_RequestMemoryWrite
                0x00000000080083bc       0xa8 ./Drivers/STM32L4xx_HAL_Driver/Src/stm32l4xx_hal_i2c.o
 .text.I2C_RequestMemoryRead
                0x0000000008008464       0xa8 ./Drivers/STM32L4xx_HAL_Driver/Src/stm32l4xx_hal_i2c.o
 .text.I2C_Flush_TXDR
                0x000000000800850c       0x48 ./Drivers/STM32L4xx_HAL_Driver/Src/stm32l4xx_hal_i2c.o
 .text.I2C_WaitOnFlagUntilTimeout
                0x0000000008008554       0x80 ./Drivers/STM32L4xx_HAL_Driver/Src/stm32l4xx_hal_i2c.o
 .text.I2C_WaitOnTXISFlagUntilTimeout
                0x00000000080085d4       0x80 ./Drivers/STM32L4xx_HAL_Driver/Src/stm32l4xx_hal_i2c.o
 .text.I2C_WaitOnSTOPFlagUntilTimeout
                0x0000000008008654       0x78 ./Drivers/STM32L4xx_HAL_Driver/Src/stm32l4xx_hal_i2c.o
 .text.I2C_IsErrorOccurred
                0x00000000080086cc      0x1d8 ./Drivers/STM32L4xx_HAL_Driver/Src/stm32l4xx_hal_i2c.o
 .text.I2C_TransferConfig
                0x00000000080088a4       0x64 ./Drivers/STM32L4xx_HAL_Driver/Src/stm32l4xx_hal_i2c.o
 .text.HAL_I2CEx_ConfigAnalogFilter
                0x0000000008008908       0x96 ./Drivers/STM32L4xx_HAL_Driver/Src/stm32l4xx_hal_i2c_ex.o
                0x0000000008008908                HAL_I2CEx_ConfigAnalogFilter
 .text.HAL_I2CEx_ConfigDigitalFilter
                0x000000000800899e       0x98 ./Drivers/STM32L4xx_HAL_Driver/Src/stm32l4xx_hal_i2c_ex.o
                0x000000000800899e                HAL_I2CEx_ConfigDigitalFilter
 *fill*         0x0000000008008a36        0x2 
 .text.HAL_OSPI_Init
                0x0000000008008a38      0x14c ./Drivers/STM32L4xx_HAL_Driver/Src/stm32l4xx_hal_ospi.o
                0x0000000008008a38                HAL_OSPI_Init
 .text.HAL_OSPI_DeInit
                0x0000000008008b84       0x4e ./Drivers/STM32L4xx_HAL_Driver/Src/stm32l4xx_hal_ospi.o
                0x0000000008008b84                HAL_OSPI_DeInit
 .text.HAL_OSPI_Command
                0x0000000008008bd2      0x102 ./Drivers/STM32L4xx_HAL_Driver/Src/stm32l4xx_hal_ospi.o
                0x0000000008008bd2                HAL_OSPI_Command
 .text.HAL_OSPI_Transmit
                0x0000000008008cd4       0xe6 ./Drivers/STM32L4xx_HAL_Driver/Src/stm32l4xx_hal_ospi.o
                0x0000000008008cd4                HAL_OSPI_Transmit
 .text.HAL_OSPI_Receive
                0x0000000008008dba      0x146 ./Drivers/STM32L4xx_HAL_Driver/Src/stm32l4xx_hal_ospi.o
                0x0000000008008dba                HAL_OSPI_Receive
 .text.HAL_OSPI_AutoPolling
                0x0000000008008f00      0x10e ./Drivers/STM32L4xx_HAL_Driver/Src/stm32l4xx_hal_ospi.o
                0x0000000008008f00                HAL_OSPI_AutoPolling
 .text.HAL_OSPI_SetTimeout
                0x000000000800900e       0x1e ./Drivers/STM32L4xx_HAL_Driver/Src/stm32l4xx_hal_ospi.o
                0x000000000800900e                HAL_OSPI_SetTimeout
 .text.HAL_OSPIM_Config
                0x000000000800902c      0x668 ./Drivers/STM32L4xx_HAL_Driver/Src/stm32l4xx_hal_ospi.o
                0x000000000800902c                HAL_OSPIM_Config
 .text.OSPI_WaitFlagStateUntilTimeout
                0x0000000008009694       0x6e ./Drivers/STM32L4xx_HAL_Driver/Src/stm32l4xx_hal_ospi.o
 *fill*         0x0000000008009702        0x2 
 .text.OSPI_ConfigCmd
                0x0000000008009704      0x2c4 ./Drivers/STM32L4xx_HAL_Driver/Src/stm32l4xx_hal_ospi.o
 .text.OSPIM_GetConfig
                0x00000000080099c8      0x160 ./Drivers/STM32L4xx_HAL_Driver/Src/stm32l4xx_hal_ospi.o
 .text.HAL_PWREx_GetVoltageRange
                0x0000000008009b28       0x40 ./Drivers/STM32L4xx_HAL_Driver/Src/stm32l4xx_hal_pwr_ex.o
                0x0000000008009b28                HAL_PWREx_GetVoltageRange
 .text.HAL_PWREx_ControlVoltageScaling
                0x0000000008009b68      0x148 ./Drivers/STM32L4xx_HAL_Driver/Src/stm32l4xx_hal_pwr_ex.o
                0x0000000008009b68                HAL_PWREx_ControlVoltageScaling
 .text.HAL_RCC_OscConfig
                0x0000000008009cb0      0x84c ./Drivers/STM32L4xx_HAL_Driver/Src/stm32l4xx_hal_rcc.o
                0x0000000008009cb0                HAL_RCC_OscConfig
 .text.HAL_RCC_ClockConfig
                0x000000000800a4fc      0x258 ./Drivers/STM32L4xx_HAL_Driver/Src/stm32l4xx_hal_rcc.o
                0x000000000800a4fc                HAL_RCC_ClockConfig
 .text.HAL_RCC_GetSysClockFreq
                0x000000000800a754      0x118 ./Drivers/STM32L4xx_HAL_Driver/Src/stm32l4xx_hal_rcc.o
                0x000000000800a754                HAL_RCC_GetSysClockFreq
 .text.HAL_RCC_GetHCLKFreq
                0x000000000800a86c       0x18 ./Drivers/STM32L4xx_HAL_Driver/Src/stm32l4xx_hal_rcc.o
                0x000000000800a86c                HAL_RCC_GetHCLKFreq
 .text.HAL_RCC_GetPCLK1Freq
                0x000000000800a884       0x2c ./Drivers/STM32L4xx_HAL_Driver/Src/stm32l4xx_hal_rcc.o
                0x000000000800a884                HAL_RCC_GetPCLK1Freq
 .text.HAL_RCC_GetPCLK2Freq
                0x000000000800a8b0       0x2c ./Drivers/STM32L4xx_HAL_Driver/Src/stm32l4xx_hal_rcc.o
                0x000000000800a8b0                HAL_RCC_GetPCLK2Freq
 .text.HAL_RCC_GetClockConfig
                0x000000000800a8dc       0x64 ./Drivers/STM32L4xx_HAL_Driver/Src/stm32l4xx_hal_rcc.o
                0x000000000800a8dc                HAL_RCC_GetClockConfig
 .text.RCC_SetFlashLatencyFromMSIRange
                0x000000000800a940       0xb4 ./Drivers/STM32L4xx_HAL_Driver/Src/stm32l4xx_hal_rcc.o
 .text.RCC_GetSysClockFreqFromPLLSource
                0x000000000800a9f4       0xd0 ./Drivers/STM32L4xx_HAL_Driver/Src/stm32l4xx_hal_rcc.o
 .text.HAL_RCCEx_PeriphCLKConfig
                0x000000000800aac4      0x660 ./Drivers/STM32L4xx_HAL_Driver/Src/stm32l4xx_hal_rcc_ex.o
                0x000000000800aac4                HAL_RCCEx_PeriphCLKConfig
 .text.RCCEx_PLLSAI1_Config
                0x000000000800b124      0x1e8 ./Drivers/STM32L4xx_HAL_Driver/Src/stm32l4xx_hal_rcc_ex.o
 .text.RCCEx_PLLSAI2_Config
                0x000000000800b30c      0x1e8 ./Drivers/STM32L4xx_HAL_Driver/Src/stm32l4xx_hal_rcc_ex.o
 .text.HAL_TIM_Base_Init
                0x000000000800b4f4       0xae ./Drivers/STM32L4xx_HAL_Driver/Src/stm32l4xx_hal_tim.o
                0x000000000800b4f4                HAL_TIM_Base_Init
 *fill*         0x000000000800b5a2        0x2 
 .text.HAL_TIM_Base_Start_IT
                0x000000000800b5a4       0xe0 ./Drivers/STM32L4xx_HAL_Driver/Src/stm32l4xx_hal_tim.o
                0x000000000800b5a4                HAL_TIM_Base_Start_IT
 .text.HAL_TIM_IRQHandler
                0x000000000800b684      0x23e ./Drivers/STM32L4xx_HAL_Driver/Src/stm32l4xx_hal_tim.o
                0x000000000800b684                HAL_TIM_IRQHandler
 .text.HAL_TIM_ConfigClockSource
                0x000000000800b8c2      0x192 ./Drivers/STM32L4xx_HAL_Driver/Src/stm32l4xx_hal_tim.o
                0x000000000800b8c2                HAL_TIM_ConfigClockSource
 .text.HAL_TIM_OC_DelayElapsedCallback
                0x000000000800ba54       0x14 ./Drivers/STM32L4xx_HAL_Driver/Src/stm32l4xx_hal_tim.o
                0x000000000800ba54                HAL_TIM_OC_DelayElapsedCallback
 .text.HAL_TIM_IC_CaptureCallback
                0x000000000800ba68       0x14 ./Drivers/STM32L4xx_HAL_Driver/Src/stm32l4xx_hal_tim.o
                0x000000000800ba68                HAL_TIM_IC_CaptureCallback
 .text.HAL_TIM_PWM_PulseFinishedCallback
                0x000000000800ba7c       0x14 ./Drivers/STM32L4xx_HAL_Driver/Src/stm32l4xx_hal_tim.o
                0x000000000800ba7c                HAL_TIM_PWM_PulseFinishedCallback
 .text.HAL_TIM_TriggerCallback
                0x000000000800ba90       0x14 ./Drivers/STM32L4xx_HAL_Driver/Src/stm32l4xx_hal_tim.o
                0x000000000800ba90                HAL_TIM_TriggerCallback
 .text.TIM_Base_SetConfig
                0x000000000800baa4      0x134 ./Drivers/STM32L4xx_HAL_Driver/Src/stm32l4xx_hal_tim.o
                0x000000000800baa4                TIM_Base_SetConfig
 .text.TIM_TI1_ConfigInputStage
                0x000000000800bbd8       0x5e ./Drivers/STM32L4xx_HAL_Driver/Src/stm32l4xx_hal_tim.o
 .text.TIM_TI2_ConfigInputStage
                0x000000000800bc36       0x60 ./Drivers/STM32L4xx_HAL_Driver/Src/stm32l4xx_hal_tim.o
 .text.TIM_ITRx_SetConfig
                0x000000000800bc96       0x36 ./Drivers/STM32L4xx_HAL_Driver/Src/stm32l4xx_hal_tim.o
 .text.TIM_ETR_SetConfig
                0x000000000800bccc       0x40 ./Drivers/STM32L4xx_HAL_Driver/Src/stm32l4xx_hal_tim.o
                0x000000000800bccc                TIM_ETR_SetConfig
 .text.HAL_TIMEx_MasterConfigSynchronization
                0x000000000800bd0c      0x110 ./Drivers/STM32L4xx_HAL_Driver/Src/stm32l4xx_hal_tim_ex.o
                0x000000000800bd0c                HAL_TIMEx_MasterConfigSynchronization
 .text.HAL_TIMEx_CommutCallback
                0x000000000800be1c       0x14 ./Drivers/STM32L4xx_HAL_Driver/Src/stm32l4xx_hal_tim_ex.o
                0x000000000800be1c                HAL_TIMEx_CommutCallback
 .text.HAL_TIMEx_BreakCallback
                0x000000000800be30       0x14 ./Drivers/STM32L4xx_HAL_Driver/Src/stm32l4xx_hal_tim_ex.o
                0x000000000800be30                HAL_TIMEx_BreakCallback
 .text.HAL_TIMEx_Break2Callback
                0x000000000800be44       0x14 ./Drivers/STM32L4xx_HAL_Driver/Src/stm32l4xx_hal_tim_ex.o
                0x000000000800be44                HAL_TIMEx_Break2Callback
 .text.HAL_UART_Init
                0x000000000800be58       0xa0 ./Drivers/STM32L4xx_HAL_Driver/Src/stm32l4xx_hal_uart.o
                0x000000000800be58                HAL_UART_Init
 .text.HAL_UART_Transmit
                0x000000000800bef8      0x12e ./Drivers/STM32L4xx_HAL_Driver/Src/stm32l4xx_hal_uart.o
                0x000000000800bef8                HAL_UART_Transmit
 *fill*         0x000000000800c026        0x2 
 .text.UART_SetConfig
                0x000000000800c028      0x5f8 ./Drivers/STM32L4xx_HAL_Driver/Src/stm32l4xx_hal_uart.o
                0x000000000800c028                UART_SetConfig
 .text.UART_AdvFeatureConfig
                0x000000000800c620      0x144 ./Drivers/STM32L4xx_HAL_Driver/Src/stm32l4xx_hal_uart.o
                0x000000000800c620                UART_AdvFeatureConfig
 .text.UART_CheckIdleState
                0x000000000800c764       0x96 ./Drivers/STM32L4xx_HAL_Driver/Src/stm32l4xx_hal_uart.o
                0x000000000800c764                UART_CheckIdleState
 .text.UART_WaitOnFlagUntilTimeout
                0x000000000800c7fa      0x190 ./Drivers/STM32L4xx_HAL_Driver/Src/stm32l4xx_hal_uart.o
                0x000000000800c7fa                UART_WaitOnFlagUntilTimeout
 .text.HAL_UARTEx_DisableFifoMode
                0x000000000800c98a       0x72 ./Drivers/STM32L4xx_HAL_Driver/Src/stm32l4xx_hal_uart_ex.o
                0x000000000800c98a                HAL_UARTEx_DisableFifoMode
 .text.HAL_UARTEx_SetTxFifoThreshold
                0x000000000800c9fc       0x7c ./Drivers/STM32L4xx_HAL_Driver/Src/stm32l4xx_hal_uart_ex.o
                0x000000000800c9fc                HAL_UARTEx_SetTxFifoThreshold
 .text.HAL_UARTEx_SetRxFifoThreshold
                0x000000000800ca78       0x7c ./Drivers/STM32L4xx_HAL_Driver/Src/stm32l4xx_hal_uart_ex.o
                0x000000000800ca78                HAL_UARTEx_SetRxFifoThreshold
 .text.UARTEx_SetNbDataToProcess
                0x000000000800caf4       0x9c ./Drivers/STM32L4xx_HAL_Driver/Src/stm32l4xx_hal_uart_ex.o
 .text.arm_sin_f32
                0x000000000800cb90       0x8c D:\McGill\STM Projects\ECSE 444 Group 1 Final Project\Core\Lib\libarm_cortexM4lf_math.a(arm_sin_f32.o)
                0x000000000800cb90                arm_sin_f32
 .text.__errno  0x000000000800cc1c        0xc d:/mcgill/stm32/stm32cubeide/stm32cubeide_1.8.0/stm32cubeide/plugins/com.st.stm32cube.ide.mcu.externaltools.gnu-tools-for-stm32.10.3-2021.10.win32_1.0.0.202111181127/tools/bin/../lib/gcc/arm-none-eabi/10.3.1/../../../../arm-none-eabi/lib/thumb/v7e-m+fp/hard\libc_nano.a(lib_a-errno.o)
                0x000000000800cc1c                __errno
 .text.__libc_init_array
                0x000000000800cc28       0x48 d:/mcgill/stm32/stm32cubeide/stm32cubeide_1.8.0/stm32cubeide/plugins/com.st.stm32cube.ide.mcu.externaltools.gnu-tools-for-stm32.10.3-2021.10.win32_1.0.0.202111181127/tools/bin/../lib/gcc/arm-none-eabi/10.3.1/../../../../arm-none-eabi/lib/thumb/v7e-m+fp/hard\libc_nano.a(lib_a-init.o)
                0x000000000800cc28                __libc_init_array
 .text.memcpy   0x000000000800cc70       0x1c d:/mcgill/stm32/stm32cubeide/stm32cubeide_1.8.0/stm32cubeide/plugins/com.st.stm32cube.ide.mcu.externaltools.gnu-tools-for-stm32.10.3-2021.10.win32_1.0.0.202111181127/tools/bin/../lib/gcc/arm-none-eabi/10.3.1/../../../../arm-none-eabi/lib/thumb/v7e-m+fp/hard\libc_nano.a(lib_a-memcpy-stub.o)
                0x000000000800cc70                memcpy
 .text.memset   0x000000000800cc8c       0x10 d:/mcgill/stm32/stm32cubeide/stm32cubeide_1.8.0/stm32cubeide/plugins/com.st.stm32cube.ide.mcu.externaltools.gnu-tools-for-stm32.10.3-2021.10.win32_1.0.0.202111181127/tools/bin/../lib/gcc/arm-none-eabi/10.3.1/../../../../arm-none-eabi/lib/thumb/v7e-m+fp/hard\libc_nano.a(lib_a-memset.o)
                0x000000000800cc8c                memset
 .text.rand     0x000000000800cc9c       0x7c d:/mcgill/stm32/stm32cubeide/stm32cubeide_1.8.0/stm32cubeide/plugins/com.st.stm32cube.ide.mcu.externaltools.gnu-tools-for-stm32.10.3-2021.10.win32_1.0.0.202111181127/tools/bin/../lib/gcc/arm-none-eabi/10.3.1/../../../../arm-none-eabi/lib/thumb/v7e-m+fp/hard\libc_nano.a(lib_a-rand.o)
                0x000000000800cc9c                rand
 .text.sprintf  0x000000000800cd18       0x40 d:/mcgill/stm32/stm32cubeide/stm32cubeide_1.8.0/stm32cubeide/plugins/com.st.stm32cube.ide.mcu.externaltools.gnu-tools-for-stm32.10.3-2021.10.win32_1.0.0.202111181127/tools/bin/../lib/gcc/arm-none-eabi/10.3.1/../../../../arm-none-eabi/lib/thumb/v7e-m+fp/hard\libc_nano.a(lib_a-sprintf.o)
                0x000000000800cd18                siprintf
                0x000000000800cd18                sprintf
 .text.__assert_func
                0x000000000800cd58       0x3c d:/mcgill/stm32/stm32cubeide/stm32cubeide_1.8.0/stm32cubeide/plugins/com.st.stm32cube.ide.mcu.externaltools.gnu-tools-for-stm32.10.3-2021.10.win32_1.0.0.202111181127/tools/bin/../lib/gcc/arm-none-eabi/10.3.1/../../../../arm-none-eabi/lib/thumb/v7e-m+fp/hard\libc_nano.a(lib_a-assert.o)
                0x000000000800cd58                __assert_func
 .text.fprintf  0x000000000800cd94       0x24 d:/mcgill/stm32/stm32cubeide/stm32cubeide_1.8.0/stm32cubeide/plugins/com.st.stm32cube.ide.mcu.externaltools.gnu-tools-for-stm32.10.3-2021.10.win32_1.0.0.202111181127/tools/bin/../lib/gcc/arm-none-eabi/10.3.1/../../../../arm-none-eabi/lib/thumb/v7e-m+fp/hard\libc_nano.a(lib_a-fprintf.o)
                0x000000000800cd94                fiprintf
                0x000000000800cd94                fprintf
 .text.malloc   0x000000000800cdb8       0x10 d:/mcgill/stm32/stm32cubeide/stm32cubeide_1.8.0/stm32cubeide/plugins/com.st.stm32cube.ide.mcu.externaltools.gnu-tools-for-stm32.10.3-2021.10.win32_1.0.0.202111181127/tools/bin/../lib/gcc/arm-none-eabi/10.3.1/../../../../arm-none-eabi/lib/thumb/v7e-m+fp/hard\libc_nano.a(lib_a-malloc.o)
                0x000000000800cdb8                malloc
 .text._free_r  0x000000000800cdc8       0x98 d:/mcgill/stm32/stm32cubeide/stm32cubeide_1.8.0/stm32cubeide/plugins/com.st.stm32cube.ide.mcu.externaltools.gnu-tools-for-stm32.10.3-2021.10.win32_1.0.0.202111181127/tools/bin/../lib/gcc/arm-none-eabi/10.3.1/../../../../arm-none-eabi/lib/thumb/v7e-m+fp/hard\libc_nano.a(lib_a-nano-freer.o)
                0x000000000800cdc8                _free_r
 .text.sbrk_aligned
                0x000000000800ce60       0x40 d:/mcgill/stm32/stm32cubeide/stm32cubeide_1.8.0/stm32cubeide/plugins/com.st.stm32cube.ide.mcu.externaltools.gnu-tools-for-stm32.10.3-2021.10.win32_1.0.0.202111181127/tools/bin/../lib/gcc/arm-none-eabi/10.3.1/../../../../arm-none-eabi/lib/thumb/v7e-m+fp/hard\libc_nano.a(lib_a-nano-mallocr.o)
 .text._malloc_r
                0x000000000800cea0       0xe8 d:/mcgill/stm32/stm32cubeide/stm32cubeide_1.8.0/stm32cubeide/plugins/com.st.stm32cube.ide.mcu.externaltools.gnu-tools-for-stm32.10.3-2021.10.win32_1.0.0.202111181127/tools/bin/../lib/gcc/arm-none-eabi/10.3.1/../../../../arm-none-eabi/lib/thumb/v7e-m+fp/hard\libc_nano.a(lib_a-nano-mallocr.o)
                0x000000000800cea0                _malloc_r
 .text.__ssputs_r
                0x000000000800cf88       0xb6 d:/mcgill/stm32/stm32cubeide/stm32cubeide_1.8.0/stm32cubeide/plugins/com.st.stm32cube.ide.mcu.externaltools.gnu-tools-for-stm32.10.3-2021.10.win32_1.0.0.202111181127/tools/bin/../lib/gcc/arm-none-eabi/10.3.1/../../../../arm-none-eabi/lib/thumb/v7e-m+fp/hard\libc_nano.a(lib_a-nano-svfprintf.o)
                0x000000000800cf88                __ssputs_r
 *fill*         0x000000000800d03e        0x2 
 .text._svfprintf_r
                0x000000000800d040      0x200 d:/mcgill/stm32/stm32cubeide/stm32cubeide_1.8.0/stm32cubeide/plugins/com.st.stm32cube.ide.mcu.externaltools.gnu-tools-for-stm32.10.3-2021.10.win32_1.0.0.202111181127/tools/bin/../lib/gcc/arm-none-eabi/10.3.1/../../../../arm-none-eabi/lib/thumb/v7e-m+fp/hard\libc_nano.a(lib_a-nano-svfprintf.o)
                0x000000000800d040                _svfiprintf_r
                0x000000000800d040                _svfprintf_r
 .text.__sfputc_r
                0x000000000800d240       0x2e d:/mcgill/stm32/stm32cubeide/stm32cubeide_1.8.0/stm32cubeide/plugins/com.st.stm32cube.ide.mcu.externaltools.gnu-tools-for-stm32.10.3-2021.10.win32_1.0.0.202111181127/tools/bin/../lib/gcc/arm-none-eabi/10.3.1/../../../../arm-none-eabi/lib/thumb/v7e-m+fp/hard\libc_nano.a(lib_a-nano-vfprintf.o)
 .text.__sfputs_r
                0x000000000800d26e       0x24 d:/mcgill/stm32/stm32cubeide/stm32cubeide_1.8.0/stm32cubeide/plugins/com.st.stm32cube.ide.mcu.externaltools.gnu-tools-for-stm32.10.3-2021.10.win32_1.0.0.202111181127/tools/bin/../lib/gcc/arm-none-eabi/10.3.1/../../../../arm-none-eabi/lib/thumb/v7e-m+fp/hard\libc_nano.a(lib_a-nano-vfprintf.o)
                0x000000000800d26e                __sfputs_r
 *fill*         0x000000000800d292        0x2 
 .text._vfprintf_r
                0x000000000800d294      0x260 d:/mcgill/stm32/stm32cubeide/stm32cubeide_1.8.0/stm32cubeide/plugins/com.st.stm32cube.ide.mcu.externaltools.gnu-tools-for-stm32.10.3-2021.10.win32_1.0.0.202111181127/tools/bin/../lib/gcc/arm-none-eabi/10.3.1/../../../../arm-none-eabi/lib/thumb/v7e-m+fp/hard\libc_nano.a(lib_a-nano-vfprintf.o)
                0x000000000800d294                _vfprintf_r
                0x000000000800d294                _vfiprintf_r
 .text._printf_common
                0x000000000800d4f4       0xda d:/mcgill/stm32/stm32cubeide/stm32cubeide_1.8.0/stm32cubeide/plugins/com.st.stm32cube.ide.mcu.externaltools.gnu-tools-for-stm32.10.3-2021.10.win32_1.0.0.202111181127/tools/bin/../lib/gcc/arm-none-eabi/10.3.1/../../../../arm-none-eabi/lib/thumb/v7e-m+fp/hard\libc_nano.a(lib_a-nano-vfprintf_i.o)
                0x000000000800d4f4                _printf_common
 *fill*         0x000000000800d5ce        0x2 
 .text._printf_i
                0x000000000800d5d0      0x24c d:/mcgill/stm32/stm32cubeide/stm32cubeide_1.8.0/stm32cubeide/plugins/com.st.stm32cube.ide.mcu.externaltools.gnu-tools-for-stm32.10.3-2021.10.win32_1.0.0.202111181127/tools/bin/../lib/gcc/arm-none-eabi/10.3.1/../../../../arm-none-eabi/lib/thumb/v7e-m+fp/hard\libc_nano.a(lib_a-nano-vfprintf_i.o)
                0x000000000800d5d0                _printf_i
 .text._sbrk_r  0x000000000800d81c       0x20 d:/mcgill/stm32/stm32cubeide/stm32cubeide_1.8.0/stm32cubeide/plugins/com.st.stm32cube.ide.mcu.externaltools.gnu-tools-for-stm32.10.3-2021.10.win32_1.0.0.202111181127/tools/bin/../lib/gcc/arm-none-eabi/10.3.1/../../../../arm-none-eabi/lib/thumb/v7e-m+fp/hard\libc_nano.a(lib_a-sbrkr.o)
                0x000000000800d81c                _sbrk_r
 .text.__swbuf_r
                0x000000000800d83c       0xa4 d:/mcgill/stm32/stm32cubeide/stm32cubeide_1.8.0/stm32cubeide/plugins/com.st.stm32cube.ide.mcu.externaltools.gnu-tools-for-stm32.10.3-2021.10.win32_1.0.0.202111181127/tools/bin/../lib/gcc/arm-none-eabi/10.3.1/../../../../arm-none-eabi/lib/thumb/v7e-m+fp/hard\libc_nano.a(lib_a-wbuf.o)
                0x000000000800d83c                __swbuf_r
 .text.__swsetup_r
                0x000000000800d8e0       0xdc d:/mcgill/stm32/stm32cubeide/stm32cubeide_1.8.0/stm32cubeide/plugins/com.st.stm32cube.ide.mcu.externaltools.gnu-tools-for-stm32.10.3-2021.10.win32_1.0.0.202111181127/tools/bin/../lib/gcc/arm-none-eabi/10.3.1/../../../../arm-none-eabi/lib/thumb/v7e-m+fp/hard\libc_nano.a(lib_a-wsetup.o)
                0x000000000800d8e0                __swsetup_r
 .text.abort    0x000000000800d9bc        0xe d:/mcgill/stm32/stm32cubeide/stm32cubeide_1.8.0/stm32cubeide/plugins/com.st.stm32cube.ide.mcu.externaltools.gnu-tools-for-stm32.10.3-2021.10.win32_1.0.0.202111181127/tools/bin/../lib/gcc/arm-none-eabi/10.3.1/../../../../arm-none-eabi/lib/thumb/v7e-m+fp/hard\libc_nano.a(lib_a-abort.o)
                0x000000000800d9bc                abort
 *fill*         0x000000000800d9ca        0x2 
 .text.__sflush_r
                0x000000000800d9cc      0x10c d:/mcgill/stm32/stm32cubeide/stm32cubeide_1.8.0/stm32cubeide/plugins/com.st.stm32cube.ide.mcu.externaltools.gnu-tools-for-stm32.10.3-2021.10.win32_1.0.0.202111181127/tools/bin/../lib/gcc/arm-none-eabi/10.3.1/../../../../arm-none-eabi/lib/thumb/v7e-m+fp/hard\libc_nano.a(lib_a-fflush.o)
                0x000000000800d9cc                __sflush_r
 .text._fflush_r
                0x000000000800dad8       0x78 d:/mcgill/stm32/stm32cubeide/stm32cubeide_1.8.0/stm32cubeide/plugins/com.st.stm32cube.ide.mcu.externaltools.gnu-tools-for-stm32.10.3-2021.10.win32_1.0.0.202111181127/tools/bin/../lib/gcc/arm-none-eabi/10.3.1/../../../../arm-none-eabi/lib/thumb/v7e-m+fp/hard\libc_nano.a(lib_a-fflush.o)
                0x000000000800dad8                _fflush_r
 .text.std      0x000000000800db50       0x48 d:/mcgill/stm32/stm32cubeide/stm32cubeide_1.8.0/stm32cubeide/plugins/com.st.stm32cube.ide.mcu.externaltools.gnu-tools-for-stm32.10.3-2021.10.win32_1.0.0.202111181127/tools/bin/../lib/gcc/arm-none-eabi/10.3.1/../../../../arm-none-eabi/lib/thumb/v7e-m+fp/hard\libc_nano.a(lib_a-findfp.o)
 .text._cleanup_r
                0x000000000800db98        0xc d:/mcgill/stm32/stm32cubeide/stm32cubeide_1.8.0/stm32cubeide/plugins/com.st.stm32cube.ide.mcu.externaltools.gnu-tools-for-stm32.10.3-2021.10.win32_1.0.0.202111181127/tools/bin/../lib/gcc/arm-none-eabi/10.3.1/../../../../arm-none-eabi/lib/thumb/v7e-m+fp/hard\libc_nano.a(lib_a-findfp.o)
                0x000000000800db98                _cleanup_r
 .text.__sfmoreglue
                0x000000000800dba4       0x2c d:/mcgill/stm32/stm32cubeide/stm32cubeide_1.8.0/stm32cubeide/plugins/com.st.stm32cube.ide.mcu.externaltools.gnu-tools-for-stm32.10.3-2021.10.win32_1.0.0.202111181127/tools/bin/../lib/gcc/arm-none-eabi/10.3.1/../../../../arm-none-eabi/lib/thumb/v7e-m+fp/hard\libc_nano.a(lib_a-findfp.o)
                0x000000000800dba4                __sfmoreglue
 .text.__sfp_lock_acquire
                0x000000000800dbd0        0xc d:/mcgill/stm32/stm32cubeide/stm32cubeide_1.8.0/stm32cubeide/plugins/com.st.stm32cube.ide.mcu.externaltools.gnu-tools-for-stm32.10.3-2021.10.win32_1.0.0.202111181127/tools/bin/../lib/gcc/arm-none-eabi/10.3.1/../../../../arm-none-eabi/lib/thumb/v7e-m+fp/hard\libc_nano.a(lib_a-findfp.o)
                0x000000000800dbd0                __sfp_lock_acquire
 .text.__sfp_lock_release
                0x000000000800dbdc        0xc d:/mcgill/stm32/stm32cubeide/stm32cubeide_1.8.0/stm32cubeide/plugins/com.st.stm32cube.ide.mcu.externaltools.gnu-tools-for-stm32.10.3-2021.10.win32_1.0.0.202111181127/tools/bin/../lib/gcc/arm-none-eabi/10.3.1/../../../../arm-none-eabi/lib/thumb/v7e-m+fp/hard\libc_nano.a(lib_a-findfp.o)
                0x000000000800dbdc                __sfp_lock_release
 .text.__sinit_lock_acquire
                0x000000000800dbe8        0xc d:/mcgill/stm32/stm32cubeide/stm32cubeide_1.8.0/stm32cubeide/plugins/com.st.stm32cube.ide.mcu.externaltools.gnu-tools-for-stm32.10.3-2021.10.win32_1.0.0.202111181127/tools/bin/../lib/gcc/arm-none-eabi/10.3.1/../../../../arm-none-eabi/lib/thumb/v7e-m+fp/hard\libc_nano.a(lib_a-findfp.o)
                0x000000000800dbe8                __sinit_lock_acquire
 .text.__sinit_lock_release
                0x000000000800dbf4        0xc d:/mcgill/stm32/stm32cubeide/stm32cubeide_1.8.0/stm32cubeide/plugins/com.st.stm32cube.ide.mcu.externaltools.gnu-tools-for-stm32.10.3-2021.10.win32_1.0.0.202111181127/tools/bin/../lib/gcc/arm-none-eabi/10.3.1/../../../../arm-none-eabi/lib/thumb/v7e-m+fp/hard\libc_nano.a(lib_a-findfp.o)
                0x000000000800dbf4                __sinit_lock_release
 .text.__sinit  0x000000000800dc00       0x70 d:/mcgill/stm32/stm32cubeide/stm32cubeide_1.8.0/stm32cubeide/plugins/com.st.stm32cube.ide.mcu.externaltools.gnu-tools-for-stm32.10.3-2021.10.win32_1.0.0.202111181127/tools/bin/../lib/gcc/arm-none-eabi/10.3.1/../../../../arm-none-eabi/lib/thumb/v7e-m+fp/hard\libc_nano.a(lib_a-findfp.o)
                0x000000000800dc00                __sinit
 .text.__sfp    0x000000000800dc70       0x8c d:/mcgill/stm32/stm32cubeide/stm32cubeide_1.8.0/stm32cubeide/plugins/com.st.stm32cube.ide.mcu.externaltools.gnu-tools-for-stm32.10.3-2021.10.win32_1.0.0.202111181127/tools/bin/../lib/gcc/arm-none-eabi/10.3.1/../../../../arm-none-eabi/lib/thumb/v7e-m+fp/hard\libc_nano.a(lib_a-findfp.o)
                0x000000000800dc70                __sfp
 .text._fwalk_reent
                0x000000000800dcfc       0x3e d:/mcgill/stm32/stm32cubeide/stm32cubeide_1.8.0/stm32cubeide/plugins/com.st.stm32cube.ide.mcu.externaltools.gnu-tools-for-stm32.10.3-2021.10.win32_1.0.0.202111181127/tools/bin/../lib/gcc/arm-none-eabi/10.3.1/../../../../arm-none-eabi/lib/thumb/v7e-m+fp/hard\libc_nano.a(lib_a-fwalk.o)
                0x000000000800dcfc                _fwalk_reent
 .text.__retarget_lock_init_recursive
                0x000000000800dd3a        0x2 d:/mcgill/stm32/stm32cubeide/stm32cubeide_1.8.0/stm32cubeide/plugins/com.st.stm32cube.ide.mcu.externaltools.gnu-tools-for-stm32.10.3-2021.10.win32_1.0.0.202111181127/tools/bin/../lib/gcc/arm-none-eabi/10.3.1/../../../../arm-none-eabi/lib/thumb/v7e-m+fp/hard\libc_nano.a(lib_a-lock.o)
                0x000000000800dd3a                __retarget_lock_init_recursive
 .text.__retarget_lock_acquire_recursive
                0x000000000800dd3c        0x2 d:/mcgill/stm32/stm32cubeide/stm32cubeide_1.8.0/stm32cubeide/plugins/com.st.stm32cube.ide.mcu.externaltools.gnu-tools-for-stm32.10.3-2021.10.win32_1.0.0.202111181127/tools/bin/../lib/gcc/arm-none-eabi/10.3.1/../../../../arm-none-eabi/lib/thumb/v7e-m+fp/hard\libc_nano.a(lib_a-lock.o)
                0x000000000800dd3c                __retarget_lock_acquire_recursive
 .text.__retarget_lock_release_recursive
                0x000000000800dd3e        0x2 d:/mcgill/stm32/stm32cubeide/stm32cubeide_1.8.0/stm32cubeide/plugins/com.st.stm32cube.ide.mcu.externaltools.gnu-tools-for-stm32.10.3-2021.10.win32_1.0.0.202111181127/tools/bin/../lib/gcc/arm-none-eabi/10.3.1/../../../../arm-none-eabi/lib/thumb/v7e-m+fp/hard\libc_nano.a(lib_a-lock.o)
                0x000000000800dd3e                __retarget_lock_release_recursive
 .text.__swhatbuf_r
                0x000000000800dd40       0x4a d:/mcgill/stm32/stm32cubeide/stm32cubeide_1.8.0/stm32cubeide/plugins/com.st.stm32cube.ide.mcu.externaltools.gnu-tools-for-stm32.10.3-2021.10.win32_1.0.0.202111181127/tools/bin/../lib/gcc/arm-none-eabi/10.3.1/../../../../arm-none-eabi/lib/thumb/v7e-m+fp/hard\libc_nano.a(lib_a-makebuf.o)
                0x000000000800dd40                __swhatbuf_r
 *fill*         0x000000000800dd8a        0x2 
 .text.__smakebuf_r
                0x000000000800dd8c       0x80 d:/mcgill/stm32/stm32cubeide/stm32cubeide_1.8.0/stm32cubeide/plugins/com.st.stm32cube.ide.mcu.externaltools.gnu-tools-for-stm32.10.3-2021.10.win32_1.0.0.202111181127/tools/bin/../lib/gcc/arm-none-eabi/10.3.1/../../../../arm-none-eabi/lib/thumb/v7e-m+fp/hard\libc_nano.a(lib_a-makebuf.o)
                0x000000000800dd8c                __smakebuf_r
 .text.memmove  0x000000000800de0c       0x34 d:/mcgill/stm32/stm32cubeide/stm32cubeide_1.8.0/stm32cubeide/plugins/com.st.stm32cube.ide.mcu.externaltools.gnu-tools-for-stm32.10.3-2021.10.win32_1.0.0.202111181127/tools/bin/../lib/gcc/arm-none-eabi/10.3.1/../../../../arm-none-eabi/lib/thumb/v7e-m+fp/hard\libc_nano.a(lib_a-memmove.o)
                0x000000000800de0c                memmove
 .text.__malloc_lock
                0x000000000800de40        0xc d:/mcgill/stm32/stm32cubeide/stm32cubeide_1.8.0/stm32cubeide/plugins/com.st.stm32cube.ide.mcu.externaltools.gnu-tools-for-stm32.10.3-2021.10.win32_1.0.0.202111181127/tools/bin/../lib/gcc/arm-none-eabi/10.3.1/../../../../arm-none-eabi/lib/thumb/v7e-m+fp/hard\libc_nano.a(lib_a-mlock.o)
                0x000000000800de40                __malloc_lock
 .text.__malloc_unlock
                0x000000000800de4c        0xc d:/mcgill/stm32/stm32cubeide/stm32cubeide_1.8.0/stm32cubeide/plugins/com.st.stm32cube.ide.mcu.externaltools.gnu-tools-for-stm32.10.3-2021.10.win32_1.0.0.202111181127/tools/bin/../lib/gcc/arm-none-eabi/10.3.1/../../../../arm-none-eabi/lib/thumb/v7e-m+fp/hard\libc_nano.a(lib_a-mlock.o)
                0x000000000800de4c                __malloc_unlock
 .text._realloc_r
                0x000000000800de58       0x5e d:/mcgill/stm32/stm32cubeide/stm32cubeide_1.8.0/stm32cubeide/plugins/com.st.stm32cube.ide.mcu.externaltools.gnu-tools-for-stm32.10.3-2021.10.win32_1.0.0.202111181127/tools/bin/../lib/gcc/arm-none-eabi/10.3.1/../../../../arm-none-eabi/lib/thumb/v7e-m+fp/hard\libc_nano.a(lib_a-nano-reallocr.o)
                0x000000000800de58                _realloc_r
 .text._raise_r
                0x000000000800deb6       0x50 d:/mcgill/stm32/stm32cubeide/stm32cubeide_1.8.0/stm32cubeide/plugins/com.st.stm32cube.ide.mcu.externaltools.gnu-tools-for-stm32.10.3-2021.10.win32_1.0.0.202111181127/tools/bin/../lib/gcc/arm-none-eabi/10.3.1/../../../../arm-none-eabi/lib/thumb/v7e-m+fp/hard\libc_nano.a(lib_a-signal.o)
                0x000000000800deb6                _raise_r
 *fill*         0x000000000800df06        0x2 
 .text.raise    0x000000000800df08       0x10 d:/mcgill/stm32/stm32cubeide/stm32cubeide_1.8.0/stm32cubeide/plugins/com.st.stm32cube.ide.mcu.externaltools.gnu-tools-for-stm32.10.3-2021.10.win32_1.0.0.202111181127/tools/bin/../lib/gcc/arm-none-eabi/10.3.1/../../../../arm-none-eabi/lib/thumb/v7e-m+fp/hard\libc_nano.a(lib_a-signal.o)
                0x000000000800df08                raise
 .text._kill_r  0x000000000800df18       0x24 d:/mcgill/stm32/stm32cubeide/stm32cubeide_1.8.0/stm32cubeide/plugins/com.st.stm32cube.ide.mcu.externaltools.gnu-tools-for-stm32.10.3-2021.10.win32_1.0.0.202111181127/tools/bin/../lib/gcc/arm-none-eabi/10.3.1/../../../../arm-none-eabi/lib/thumb/v7e-m+fp/hard\libc_nano.a(lib_a-signalr.o)
                0x000000000800df18                _kill_r
 .text._getpid_r
                0x000000000800df3c        0x4 d:/mcgill/stm32/stm32cubeide/stm32cubeide_1.8.0/stm32cubeide/plugins/com.st.stm32cube.ide.mcu.externaltools.gnu-tools-for-stm32.10.3-2021.10.win32_1.0.0.202111181127/tools/bin/../lib/gcc/arm-none-eabi/10.3.1/../../../../arm-none-eabi/lib/thumb/v7e-m+fp/hard\libc_nano.a(lib_a-signalr.o)
                0x000000000800df3c                _getpid_r
 .text.__sread  0x000000000800df40       0x22 d:/mcgill/stm32/stm32cubeide/stm32cubeide_1.8.0/stm32cubeide/plugins/com.st.stm32cube.ide.mcu.externaltools.gnu-tools-for-stm32.10.3-2021.10.win32_1.0.0.202111181127/tools/bin/../lib/gcc/arm-none-eabi/10.3.1/../../../../arm-none-eabi/lib/thumb/v7e-m+fp/hard\libc_nano.a(lib_a-stdio.o)
                0x000000000800df40                __sread
 .text.__swrite
                0x000000000800df62       0x38 d:/mcgill/stm32/stm32cubeide/stm32cubeide_1.8.0/stm32cubeide/plugins/com.st.stm32cube.ide.mcu.externaltools.gnu-tools-for-stm32.10.3-2021.10.win32_1.0.0.202111181127/tools/bin/../lib/gcc/arm-none-eabi/10.3.1/../../../../arm-none-eabi/lib/thumb/v7e-m+fp/hard\libc_nano.a(lib_a-stdio.o)
                0x000000000800df62                __swrite
 .text.__sseek  0x000000000800df9a       0x24 d:/mcgill/stm32/stm32cubeide/stm32cubeide_1.8.0/stm32cubeide/plugins/com.st.stm32cube.ide.mcu.externaltools.gnu-tools-for-stm32.10.3-2021.10.win32_1.0.0.202111181127/tools/bin/../lib/gcc/arm-none-eabi/10.3.1/../../../../arm-none-eabi/lib/thumb/v7e-m+fp/hard\libc_nano.a(lib_a-stdio.o)
                0x000000000800df9a                __sseek
 .text.__sclose
                0x000000000800dfbe        0x8 d:/mcgill/stm32/stm32cubeide/stm32cubeide_1.8.0/stm32cubeide/plugins/com.st.stm32cube.ide.mcu.externaltools.gnu-tools-for-stm32.10.3-2021.10.win32_1.0.0.202111181127/tools/bin/../lib/gcc/arm-none-eabi/10.3.1/../../../../arm-none-eabi/lib/thumb/v7e-m+fp/hard\libc_nano.a(lib_a-stdio.o)
                0x000000000800dfbe                __sclose
 *fill*         0x000000000800dfc6        0x2 
 .text._write_r
                0x000000000800dfc8       0x24 d:/mcgill/stm32/stm32cubeide/stm32cubeide_1.8.0/stm32cubeide/plugins/com.st.stm32cube.ide.mcu.externaltools.gnu-tools-for-stm32.10.3-2021.10.win32_1.0.0.202111181127/tools/bin/../lib/gcc/arm-none-eabi/10.3.1/../../../../arm-none-eabi/lib/thumb/v7e-m+fp/hard\libc_nano.a(lib_a-writer.o)
                0x000000000800dfc8                _write_r
 .text._close_r
                0x000000000800dfec       0x20 d:/mcgill/stm32/stm32cubeide/stm32cubeide_1.8.0/stm32cubeide/plugins/com.st.stm32cube.ide.mcu.externaltools.gnu-tools-for-stm32.10.3-2021.10.win32_1.0.0.202111181127/tools/bin/../lib/gcc/arm-none-eabi/10.3.1/../../../../arm-none-eabi/lib/thumb/v7e-m+fp/hard\libc_nano.a(lib_a-closer.o)
                0x000000000800dfec                _close_r
 .text._fstat_r
                0x000000000800e00c       0x24 d:/mcgill/stm32/stm32cubeide/stm32cubeide_1.8.0/stm32cubeide/plugins/com.st.stm32cube.ide.mcu.externaltools.gnu-tools-for-stm32.10.3-2021.10.win32_1.0.0.202111181127/tools/bin/../lib/gcc/arm-none-eabi/10.3.1/../../../../arm-none-eabi/lib/thumb/v7e-m+fp/hard\libc_nano.a(lib_a-fstatr.o)
                0x000000000800e00c                _fstat_r
 .text._isatty_r
                0x000000000800e030       0x20 d:/mcgill/stm32/stm32cubeide/stm32cubeide_1.8.0/stm32cubeide/plugins/com.st.stm32cube.ide.mcu.externaltools.gnu-tools-for-stm32.10.3-2021.10.win32_1.0.0.202111181127/tools/bin/../lib/gcc/arm-none-eabi/10.3.1/../../../../arm-none-eabi/lib/thumb/v7e-m+fp/hard\libc_nano.a(lib_a-isattyr.o)
                0x000000000800e030                _isatty_r
 .text._lseek_r
                0x000000000800e050       0x24 d:/mcgill/stm32/stm32cubeide/stm32cubeide_1.8.0/stm32cubeide/plugins/com.st.stm32cube.ide.mcu.externaltools.gnu-tools-for-stm32.10.3-2021.10.win32_1.0.0.202111181127/tools/bin/../lib/gcc/arm-none-eabi/10.3.1/../../../../arm-none-eabi/lib/thumb/v7e-m+fp/hard\libc_nano.a(lib_a-lseekr.o)
                0x000000000800e050                _lseek_r
 .text._malloc_usable_size_r
                0x000000000800e074       0x10 d:/mcgill/stm32/stm32cubeide/stm32cubeide_1.8.0/stm32cubeide/plugins/com.st.stm32cube.ide.mcu.externaltools.gnu-tools-for-stm32.10.3-2021.10.win32_1.0.0.202111181127/tools/bin/../lib/gcc/arm-none-eabi/10.3.1/../../../../arm-none-eabi/lib/thumb/v7e-m+fp/hard\libc_nano.a(lib_a-nano-msizer.o)
                0x000000000800e074                _malloc_usable_size_r
 .text._read_r  0x000000000800e084       0x24 d:/mcgill/stm32/stm32cubeide/stm32cubeide_1.8.0/stm32cubeide/plugins/com.st.stm32cube.ide.mcu.externaltools.gnu-tools-for-stm32.10.3-2021.10.win32_1.0.0.202111181127/tools/bin/../lib/gcc/arm-none-eabi/10.3.1/../../../../arm-none-eabi/lib/thumb/v7e-m+fp/hard\libc_nano.a(lib_a-readr.o)
                0x000000000800e084                _read_r
 *(.glue_7)
 .glue_7        0x000000000800e0a8        0x0 linker stubs
 *(.glue_7t)
 .glue_7t       0x000000000800e0a8        0x0 linker stubs
 *(.eh_frame)
 .eh_frame      0x000000000800e0a8        0x0 d:/mcgill/stm32/stm32cubeide/stm32cubeide_1.8.0/stm32cubeide/plugins/com.st.stm32cube.ide.mcu.externaltools.gnu-tools-for-stm32.10.3-2021.10.win32_1.0.0.202111181127/tools/bin/../lib/gcc/arm-none-eabi/10.3.1/thumb/v7e-m+fp/hard/crtbegin.o
 *(.init)
 .init          0x000000000800e0a8        0x4 d:/mcgill/stm32/stm32cubeide/stm32cubeide_1.8.0/stm32cubeide/plugins/com.st.stm32cube.ide.mcu.externaltools.gnu-tools-for-stm32.10.3-2021.10.win32_1.0.0.202111181127/tools/bin/../lib/gcc/arm-none-eabi/10.3.1/thumb/v7e-m+fp/hard/crti.o
                0x000000000800e0a8                _init
 .init          0x000000000800e0ac        0x8 d:/mcgill/stm32/stm32cubeide/stm32cubeide_1.8.0/stm32cubeide/plugins/com.st.stm32cube.ide.mcu.externaltools.gnu-tools-for-stm32.10.3-2021.10.win32_1.0.0.202111181127/tools/bin/../lib/gcc/arm-none-eabi/10.3.1/thumb/v7e-m+fp/hard/crtn.o
 *(.fini)
 .fini          0x000000000800e0b4        0x4 d:/mcgill/stm32/stm32cubeide/stm32cubeide_1.8.0/stm32cubeide/plugins/com.st.stm32cube.ide.mcu.externaltools.gnu-tools-for-stm32.10.3-2021.10.win32_1.0.0.202111181127/tools/bin/../lib/gcc/arm-none-eabi/10.3.1/thumb/v7e-m+fp/hard/crti.o
                0x000000000800e0b4                _fini
 .fini          0x000000000800e0b8        0x8 d:/mcgill/stm32/stm32cubeide/stm32cubeide_1.8.0/stm32cubeide/plugins/com.st.stm32cube.ide.mcu.externaltools.gnu-tools-for-stm32.10.3-2021.10.win32_1.0.0.202111181127/tools/bin/../lib/gcc/arm-none-eabi/10.3.1/thumb/v7e-m+fp/hard/crtn.o
                0x000000000800e0c0                . = ALIGN (0x4)
                0x000000000800e0c0                _etext = .

.vfp11_veneer   0x000000000800e0c0        0x0
 .vfp11_veneer  0x000000000800e0c0        0x0 linker stubs

.v4_bx          0x000000000800e0c0        0x0
 .v4_bx         0x000000000800e0c0        0x0 linker stubs

.iplt           0x000000000800e0c0        0x0
 .iplt          0x000000000800e0c0        0x0 d:/mcgill/stm32/stm32cubeide/stm32cubeide_1.8.0/stm32cubeide/plugins/com.st.stm32cube.ide.mcu.externaltools.gnu-tools-for-stm32.10.3-2021.10.win32_1.0.0.202111181127/tools/bin/../lib/gcc/arm-none-eabi/10.3.1/thumb/v7e-m+fp/hard/crtbegin.o

.rodata         0x000000000800e0c0      0xc70
                0x000000000800e0c0                . = ALIGN (0x4)
 *(.rodata)
 .rodata        0x000000000800e0c0      0x2b1 ./Core/Src/main.o
 *(.rodata*)
 *fill*         0x000000000800e371        0x3 
 .rodata.AHBPrescTable
                0x000000000800e374       0x10 ./Core/Src/system_stm32l4xx.o
                0x000000000800e374                AHBPrescTable
 .rodata.APBPrescTable
                0x000000000800e384        0x8 ./Core/Src/system_stm32l4xx.o
                0x000000000800e384                APBPrescTable
 .rodata.MSIRangeTable
                0x000000000800e38c       0x30 ./Core/Src/system_stm32l4xx.o
                0x000000000800e38c                MSIRangeTable
 .rodata.UARTPrescTable
                0x000000000800e3bc       0x18 ./Drivers/STM32L4xx_HAL_Driver/Src/stm32l4xx_hal_uart.o
                0x000000000800e3bc                UARTPrescTable
 .rodata.numerator.1
                0x000000000800e3d4        0x8 ./Drivers/STM32L4xx_HAL_Driver/Src/stm32l4xx_hal_uart_ex.o
 .rodata.denominator.0
                0x000000000800e3dc        0x8 ./Drivers/STM32L4xx_HAL_Driver/Src/stm32l4xx_hal_uart_ex.o
 .rodata.sinTable_f32
                0x000000000800e3e4      0x804 D:\McGill\STM Projects\ECSE 444 Group 1 Final Project\Core\Lib\libarm_cortexM4lf_math.a(arm_common_tables.o)
                0x000000000800e3e4                sinTable_f32
 .rodata._global_impure_ptr
                0x000000000800ebe8        0x4 d:/mcgill/stm32/stm32cubeide/stm32cubeide_1.8.0/stm32cubeide/plugins/com.st.stm32cube.ide.mcu.externaltools.gnu-tools-for-stm32.10.3-2021.10.win32_1.0.0.202111181127/tools/bin/../lib/gcc/arm-none-eabi/10.3.1/../../../../arm-none-eabi/lib/thumb/v7e-m+fp/hard\libc_nano.a(lib_a-impure.o)
                0x000000000800ebe8                _global_impure_ptr
 .rodata.srand.str1.1
                0x000000000800ebec       0x72 d:/mcgill/stm32/stm32cubeide/stm32cubeide_1.8.0/stm32cubeide/plugins/com.st.stm32cube.ide.mcu.externaltools.gnu-tools-for-stm32.10.3-2021.10.win32_1.0.0.202111181127/tools/bin/../lib/gcc/arm-none-eabi/10.3.1/../../../../arm-none-eabi/lib/thumb/v7e-m+fp/hard\libc_nano.a(lib_a-rand.o)
 .rodata.__assert_func.str1.1
                0x000000000800ec5e       0x3c d:/mcgill/stm32/stm32cubeide/stm32cubeide_1.8.0/stm32cubeide/plugins/com.st.stm32cube.ide.mcu.externaltools.gnu-tools-for-stm32.10.3-2021.10.win32_1.0.0.202111181127/tools/bin/../lib/gcc/arm-none-eabi/10.3.1/../../../../arm-none-eabi/lib/thumb/v7e-m+fp/hard\libc_nano.a(lib_a-assert.o)
                                         0x3d (size before relaxing)
 .rodata._svfprintf_r.str1.1
                0x000000000800ec9a       0x11 d:/mcgill/stm32/stm32cubeide/stm32cubeide_1.8.0/stm32cubeide/plugins/com.st.stm32cube.ide.mcu.externaltools.gnu-tools-for-stm32.10.3-2021.10.win32_1.0.0.202111181127/tools/bin/../lib/gcc/arm-none-eabi/10.3.1/../../../../arm-none-eabi/lib/thumb/v7e-m+fp/hard\libc_nano.a(lib_a-nano-svfprintf.o)
 .rodata._vfprintf_r.str1.1
                0x000000000800ecab       0x11 d:/mcgill/stm32/stm32cubeide/stm32cubeide_1.8.0/stm32cubeide/plugins/com.st.stm32cube.ide.mcu.externaltools.gnu-tools-for-stm32.10.3-2021.10.win32_1.0.0.202111181127/tools/bin/../lib/gcc/arm-none-eabi/10.3.1/../../../../arm-none-eabi/lib/thumb/v7e-m+fp/hard\libc_nano.a(lib_a-nano-vfprintf.o)
 .rodata._printf_i.str1.1
                0x000000000800ecab       0x22 d:/mcgill/stm32/stm32cubeide/stm32cubeide_1.8.0/stm32cubeide/plugins/com.st.stm32cube.ide.mcu.externaltools.gnu-tools-for-stm32.10.3-2021.10.win32_1.0.0.202111181127/tools/bin/../lib/gcc/arm-none-eabi/10.3.1/../../../../arm-none-eabi/lib/thumb/v7e-m+fp/hard\libc_nano.a(lib_a-nano-vfprintf_i.o)
 *fill*         0x000000000800eccd        0x3 
 .rodata.__sf_fake_stderr
                0x000000000800ecd0       0x20 d:/mcgill/stm32/stm32cubeide/stm32cubeide_1.8.0/stm32cubeide/plugins/com.st.stm32cube.ide.mcu.externaltools.gnu-tools-for-stm32.10.3-2021.10.win32_1.0.0.202111181127/tools/bin/../lib/gcc/arm-none-eabi/10.3.1/../../../../arm-none-eabi/lib/thumb/v7e-m+fp/hard\libc_nano.a(lib_a-findfp.o)
                0x000000000800ecd0                __sf_fake_stderr
 .rodata.__sf_fake_stdin
                0x000000000800ecf0       0x20 d:/mcgill/stm32/stm32cubeide/stm32cubeide_1.8.0/stm32cubeide/plugins/com.st.stm32cube.ide.mcu.externaltools.gnu-tools-for-stm32.10.3-2021.10.win32_1.0.0.202111181127/tools/bin/../lib/gcc/arm-none-eabi/10.3.1/../../../../arm-none-eabi/lib/thumb/v7e-m+fp/hard\libc_nano.a(lib_a-findfp.o)
                0x000000000800ecf0                __sf_fake_stdin
 .rodata.__sf_fake_stdout
                0x000000000800ed10       0x20 d:/mcgill/stm32/stm32cubeide/stm32cubeide_1.8.0/stm32cubeide/plugins/com.st.stm32cube.ide.mcu.externaltools.gnu-tools-for-stm32.10.3-2021.10.win32_1.0.0.202111181127/tools/bin/../lib/gcc/arm-none-eabi/10.3.1/../../../../arm-none-eabi/lib/thumb/v7e-m+fp/hard\libc_nano.a(lib_a-findfp.o)
                0x000000000800ed10                __sf_fake_stdout
                0x000000000800ed30                . = ALIGN (0x4)

.ARM.extab      0x000000000800ed30        0x0
                0x000000000800ed30                . = ALIGN (0x4)
 *(.ARM.extab* .gnu.linkonce.armextab.*)
                0x000000000800ed30                . = ALIGN (0x4)

.ARM            0x000000000800ed30        0x8
                0x000000000800ed30                . = ALIGN (0x4)
                0x000000000800ed30                __exidx_start = .
 *(.ARM.exidx*)
 .ARM.exidx     0x000000000800ed30        0x8 d:/mcgill/stm32/stm32cubeide/stm32cubeide_1.8.0/stm32cubeide/plugins/com.st.stm32cube.ide.mcu.externaltools.gnu-tools-for-stm32.10.3-2021.10.win32_1.0.0.202111181127/tools/bin/../lib/gcc/arm-none-eabi/10.3.1/thumb/v7e-m+fp/hard\libgcc.a(_udivmoddi4.o)
                0x000000000800ed38                __exidx_end = .
                0x000000000800ed38                . = ALIGN (0x4)

.rel.dyn        0x000000000800ed38        0x0
 .rel.iplt      0x000000000800ed38        0x0 d:/mcgill/stm32/stm32cubeide/stm32cubeide_1.8.0/stm32cubeide/plugins/com.st.stm32cube.ide.mcu.externaltools.gnu-tools-for-stm32.10.3-2021.10.win32_1.0.0.202111181127/tools/bin/../lib/gcc/arm-none-eabi/10.3.1/thumb/v7e-m+fp/hard/crtbegin.o

.preinit_array  0x000000000800ed38        0x0
                0x000000000800ed38                . = ALIGN (0x4)
                0x000000000800ed38                PROVIDE (__preinit_array_start = .)
 *(.preinit_array*)
                0x000000000800ed38                PROVIDE (__preinit_array_end = .)
                0x000000000800ed38                . = ALIGN (0x4)

.init_array     0x000000000800ed38        0x4
                0x000000000800ed38                . = ALIGN (0x4)
                0x000000000800ed38                PROVIDE (__init_array_start = .)
 *(SORT_BY_NAME(.init_array.*))
 *(.init_array*)
 .init_array    0x000000000800ed38        0x4 d:/mcgill/stm32/stm32cubeide/stm32cubeide_1.8.0/stm32cubeide/plugins/com.st.stm32cube.ide.mcu.externaltools.gnu-tools-for-stm32.10.3-2021.10.win32_1.0.0.202111181127/tools/bin/../lib/gcc/arm-none-eabi/10.3.1/thumb/v7e-m+fp/hard/crtbegin.o
                0x000000000800ed3c                PROVIDE (__init_array_end = .)
                0x000000000800ed3c                . = ALIGN (0x4)

.fini_array     0x000000000800ed3c        0x4
                0x000000000800ed3c                . = ALIGN (0x4)
                [!provide]                        PROVIDE (__fini_array_start = .)
 *(SORT_BY_NAME(.fini_array.*))
 *(.fini_array*)
 .fini_array    0x000000000800ed3c        0x4 d:/mcgill/stm32/stm32cubeide/stm32cubeide_1.8.0/stm32cubeide/plugins/com.st.stm32cube.ide.mcu.externaltools.gnu-tools-for-stm32.10.3-2021.10.win32_1.0.0.202111181127/tools/bin/../lib/gcc/arm-none-eabi/10.3.1/thumb/v7e-m+fp/hard/crtbegin.o
                [!provide]                        PROVIDE (__fini_array_end = .)
                0x000000000800ed40                . = ALIGN (0x4)
                0x000000000800ed40                _sidata = LOADADDR (.data)

.data           0x0000000020000000      0x25c load address 0x000000000800ed40
                0x0000000020000000                . = ALIGN (0x4)
                0x0000000020000000                _sdata = .
 *(.data)
 *(.data*)
 .data.MAX_COUNT
                0x0000000020000000        0x4 ./Core/Src/main.o
                0x0000000020000000                MAX_COUNT
 .data.obs_pos  0x0000000020000004        0x4 ./Core/Src/main.o
                0x0000000020000004                obs_pos
 .data.map      0x0000000020000008      0x190 ./Core/Src/main.o
                0x0000000020000008                map
 .data.satellite_UI
                0x0000000020000198        0x5 ./Core/Src/main.o
                0x0000000020000198                satellite_UI
 *fill*         0x000000002000019d        0x3 
 .data.welcome  0x00000000200001a0        0x4 ./Core/Src/main.o
                0x00000000200001a0                welcome
 .data.end_1    0x00000000200001a4        0x4 ./Core/Src/main.o
                0x00000000200001a4                end_1
 .data.end_2    0x00000000200001a8        0x4 ./Core/Src/main.o
                0x00000000200001a8                end_2
 .data.obs_UI   0x00000000200001ac        0x5 ./Core/Src/main.o
                0x00000000200001ac                obs_UI
 *fill*         0x00000000200001b1        0x3 
 .data.slow_music_addr
                0x00000000200001b4        0x4 ./Core/Src/main.o
                0x00000000200001b4                slow_music_addr
 .data.SystemCoreClock
                0x00000000200001b8        0x4 ./Core/Src/system_stm32l4xx.o
                0x00000000200001b8                SystemCoreClock
 .data.Lsm6dslGyroDrv
                0x00000000200001bc       0x34 ./Drivers/Components/lsm6dsl/lsm6dsl.o
                0x00000000200001bc                Lsm6dslGyroDrv
 .data.uwTickPrio
                0x00000000200001f0        0x4 ./Drivers/STM32L4xx_HAL_Driver/Src/stm32l4xx_hal.o
                0x00000000200001f0                uwTickPrio
 .data.uwTickFreq
                0x00000000200001f4        0x1 ./Drivers/STM32L4xx_HAL_Driver/Src/stm32l4xx_hal.o
                0x00000000200001f4                uwTickFreq
 *fill*         0x00000000200001f5        0x3 
 .data._impure_ptr
                0x00000000200001f8        0x4 d:/mcgill/stm32/stm32cubeide/stm32cubeide_1.8.0/stm32cubeide/plugins/com.st.stm32cube.ide.mcu.externaltools.gnu-tools-for-stm32.10.3-2021.10.win32_1.0.0.202111181127/tools/bin/../lib/gcc/arm-none-eabi/10.3.1/../../../../arm-none-eabi/lib/thumb/v7e-m+fp/hard\libc_nano.a(lib_a-impure.o)
                0x00000000200001f8                _impure_ptr
 .data.impure_data
                0x00000000200001fc       0x60 d:/mcgill/stm32/stm32cubeide/stm32cubeide_1.8.0/stm32cubeide/plugins/com.st.stm32cube.ide.mcu.externaltools.gnu-tools-for-stm32.10.3-2021.10.win32_1.0.0.202111181127/tools/bin/../lib/gcc/arm-none-eabi/10.3.1/../../../../arm-none-eabi/lib/thumb/v7e-m+fp/hard\libc_nano.a(lib_a-impure.o)
 *(.RamFunc)
 *(.RamFunc*)
                0x000000002000025c                . = ALIGN (0x4)
                0x000000002000025c                _edata = .

.igot.plt       0x000000002000025c        0x0 load address 0x000000000800ef9c
 .igot.plt      0x000000002000025c        0x0 d:/mcgill/stm32/stm32cubeide/stm32cubeide_1.8.0/stm32cubeide/plugins/com.st.stm32cube.ide.mcu.externaltools.gnu-tools-for-stm32.10.3-2021.10.win32_1.0.0.202111181127/tools/bin/../lib/gcc/arm-none-eabi/10.3.1/thumb/v7e-m+fp/hard/crtbegin.o
                0x000000002000025c                . = ALIGN (0x4)

.bss            0x000000002000025c     0x1544 load address 0x000000000800ef9c
                0x000000002000025c                _sbss = .
                0x000000002000025c                __bss_start__ = _sbss
 *(.bss)
 .bss           0x000000002000025c       0x1c d:/mcgill/stm32/stm32cubeide/stm32cubeide_1.8.0/stm32cubeide/plugins/com.st.stm32cube.ide.mcu.externaltools.gnu-tools-for-stm32.10.3-2021.10.win32_1.0.0.202111181127/tools/bin/../lib/gcc/arm-none-eabi/10.3.1/thumb/v7e-m+fp/hard/crtbegin.o
 *(.bss*)
 .bss.hdac1     0x0000000020000278       0x14 ./Core/Src/main.o
                0x0000000020000278                hdac1
 .bss.hdma_dac1_ch1
                0x000000002000028c       0x60 ./Core/Src/main.o
                0x000000002000028c                hdma_dac1_ch1
 .bss.hi2c2     0x00000000200002ec       0x4c ./Core/Src/main.o
                0x00000000200002ec                hi2c2
 .bss.hospi1    0x0000000020000338       0x50 ./Core/Src/main.o
                0x0000000020000338                hospi1
 .bss.htim2     0x0000000020000388       0x4c ./Core/Src/main.o
                0x0000000020000388                htim2
 .bss.huart1    0x00000000200003d4       0x90 ./Core/Src/main.o
                0x00000000200003d4                huart1
 .bss.gyro_buf  0x0000000020000464       0x64 ./Core/Src/main.o
                0x0000000020000464                gyro_buf
 .bss.UI_buf    0x00000000200004c8      0x190 ./Core/Src/main.o
                0x00000000200004c8                UI_buf
 .bss.ax        0x0000000020000658        0x4 ./Core/Src/main.o
 .bss.ay        0x000000002000065c        0x4 ./Core/Src/main.o
 .bss.az        0x0000000020000660        0x4 ./Core/Src/main.o
 .bss.previous_gyro
                0x0000000020000664        0xc ./Core/Src/main.o
                0x0000000020000664                previous_gyro
 .bss.gyro_values
                0x0000000020000670        0xc ./Core/Src/main.o
                0x0000000020000670                gyro_values
 .bss.deg_values
                0x000000002000067c        0xc ./Core/Src/main.o
                0x000000002000067c                deg_values
 .bss.obstacle  0x0000000020000688       0x10 ./Core/Src/main.o
                0x0000000020000688                obstacle
 .bss.random_value
                0x0000000020000698        0x4 ./Core/Src/main.o
                0x0000000020000698                random_value
 .bss.satellite_pos
                0x000000002000069c        0x4 ./Core/Src/main.o
                0x000000002000069c                satellite_pos
 .bss.turning_flag
                0x00000000200006a0        0x4 ./Core/Src/main.o
                0x00000000200006a0                turning_flag
 .bss.is_pressed
                0x00000000200006a4        0x4 ./Core/Src/main.o
                0x00000000200006a4                is_pressed
 .bss.is_printed
                0x00000000200006a8        0x4 ./Core/Src/main.o
                0x00000000200006a8                is_printed
 .bss.score     0x00000000200006ac        0x4 ./Core/Src/main.o
                0x00000000200006ac                score
 .bss.mapUpdateCounter
                0x00000000200006b0        0x4 ./Core/Src/main.o
                0x00000000200006b0                mapUpdateCounter
 .bss.gameStatus
                0x00000000200006b4        0x4 ./Core/Src/main.o
                0x00000000200006b4                gameStatus
 .bss.F3        0x00000000200006b8       0xfd ./Core/Src/main.o
                0x00000000200006b8                F3
 *fill*         0x00000000200007b5        0x3 
 .bss.G3        0x00000000200007b8       0xe1 ./Core/Src/main.o
                0x00000000200007b8                G3
 *fill*         0x0000000020000899        0x3 
 .bss.A3        0x000000002000089c       0xc8 ./Core/Src/main.o
                0x000000002000089c                A3
 .bss.AA3       0x0000000020000964       0xbd ./Core/Src/main.o
                0x0000000020000964                AA3